<?xml version="1.0"?>
<link_info>
   <banner>MSP430 Linker PC v4.3.3</banner>
   <copyright>Copyright (c) 2003-2014 Texas Instruments Incorporated</copyright>
   <link_time>0x53e8c4d5</link_time>
   <link_errors>0x0</link_errors>
   <output_file>simpleUsbBackchannel.out</output_file>
   <entry_point>
      <name>_c_int00</name>
      <address>0x45d8</address>
   </entry_point>
   <input_file_list>
      <input_file id="fl-2">
         <path>.\USB_API\USB_CDC_API\</path>
         <kind>object</kind>
         <file>UsbCdc.obj</file>
         <name>UsbCdc.obj</name>
      </input_file>
      <input_file id="fl-3">
         <path>.\USB_API\USB_Common\</path>
         <kind>object</kind>
         <file>usbdma.obj</file>
         <name>usbdma.obj</name>
      </input_file>
      <input_file id="fl-4">
         <path>.\USB_API\USB_Common\</path>
         <kind>object</kind>
         <file>usb.obj</file>
         <name>usb.obj</name>
      </input_file>
      <input_file id="fl-5">
         <path>.\USB_API\USB_HID_API\</path>
         <kind>object</kind>
         <file>UsbHidReq.obj</file>
         <name>UsbHidReq.obj</name>
      </input_file>
      <input_file id="fl-6">
         <path>.\USB_API\USB_HID_API\</path>
         <kind>object</kind>
         <file>UsbHid.obj</file>
         <name>UsbHid.obj</name>
      </input_file>
      <input_file id="fl-7">
         <path>.\USB_API\USB_MSC_API\</path>
         <kind>object</kind>
         <file>UsbMscStateMachine.obj</file>
         <name>UsbMscStateMachine.obj</name>
      </input_file>
      <input_file id="fl-8">
         <path>.\USB_API\USB_MSC_API\</path>
         <kind>object</kind>
         <file>UsbMscScsi.obj</file>
         <name>UsbMscScsi.obj</name>
      </input_file>
      <input_file id="fl-9">
         <path>.\USB_API\USB_MSC_API\</path>
         <kind>object</kind>
         <file>UsbMscReq.obj</file>
         <name>UsbMscReq.obj</name>
      </input_file>
      <input_file id="fl-a">
         <path>.\USB_API\USB_PHDC_API\</path>
         <kind>object</kind>
         <file>UsbPHDC.obj</file>
         <name>UsbPHDC.obj</name>
      </input_file>
      <input_file id="fl-b">
         <path>.\USB_app\</path>
         <kind>object</kind>
         <file>usbEventHandling.obj</file>
         <name>usbEventHandling.obj</name>
      </input_file>
      <input_file id="fl-c">
         <path>.\USB_app\</path>
         <kind>object</kind>
         <file>usbConstructs.obj</file>
         <name>usbConstructs.obj</name>
      </input_file>
      <input_file id="fl-d">
         <path>.\USB_config\</path>
         <kind>object</kind>
         <file>descriptors.obj</file>
         <name>descriptors.obj</name>
      </input_file>
      <input_file id="fl-e">
         <path>.\USB_config\</path>
         <kind>object</kind>
         <file>UsbIsr.obj</file>
         <name>UsbIsr.obj</name>
      </input_file>
      <input_file id="fl-f">
         <path>.\driverlib\MSP430F5xx_6xx\</path>
         <kind>object</kind>
         <file>wdt_a.obj</file>
         <name>wdt_a.obj</name>
      </input_file>
      <input_file id="fl-10">
         <path>.\driverlib\MSP430F5xx_6xx\</path>
         <kind>object</kind>
         <file>usci_uart.obj</file>
         <name>usci_uart.obj</name>
      </input_file>
      <input_file id="fl-11">
         <path>.\driverlib\MSP430F5xx_6xx\</path>
         <kind>object</kind>
         <file>usci_spi.obj</file>
         <name>usci_spi.obj</name>
      </input_file>
      <input_file id="fl-12">
         <path>.\driverlib\MSP430F5xx_6xx\</path>
         <kind>object</kind>
         <file>usci_i2c.obj</file>
         <name>usci_i2c.obj</name>
      </input_file>
      <input_file id="fl-13">
         <path>.\driverlib\MSP430F5xx_6xx\</path>
         <kind>object</kind>
         <file>usci_b_spi.obj</file>
         <name>usci_b_spi.obj</name>
      </input_file>
      <input_file id="fl-14">
         <path>.\driverlib\MSP430F5xx_6xx\</path>
         <kind>object</kind>
         <file>usci_b_i2c.obj</file>
         <name>usci_b_i2c.obj</name>
      </input_file>
      <input_file id="fl-15">
         <path>.\driverlib\MSP430F5xx_6xx\</path>
         <kind>object</kind>
         <file>usci_a_uart.obj</file>
         <name>usci_a_uart.obj</name>
      </input_file>
      <input_file id="fl-16">
         <path>.\driverlib\MSP430F5xx_6xx\</path>
         <kind>object</kind>
         <file>usci_a_spi.obj</file>
         <name>usci_a_spi.obj</name>
      </input_file>
      <input_file id="fl-17">
         <path>.\driverlib\MSP430F5xx_6xx\</path>
         <kind>object</kind>
         <file>ucs.obj</file>
         <name>ucs.obj</name>
      </input_file>
      <input_file id="fl-18">
         <path>.\driverlib\MSP430F5xx_6xx\</path>
         <kind>object</kind>
         <file>tlv.obj</file>
         <name>tlv.obj</name>
      </input_file>
      <input_file id="fl-19">
         <path>.\driverlib\MSP430F5xx_6xx\</path>
         <kind>object</kind>
         <file>timer_d.obj</file>
         <name>timer_d.obj</name>
      </input_file>
      <input_file id="fl-1a">
         <path>.\driverlib\MSP430F5xx_6xx\</path>
         <kind>object</kind>
         <file>timer_b.obj</file>
         <name>timer_b.obj</name>
      </input_file>
      <input_file id="fl-1b">
         <path>.\driverlib\MSP430F5xx_6xx\</path>
         <kind>object</kind>
         <file>timer_a.obj</file>
         <name>timer_a.obj</name>
      </input_file>
      <input_file id="fl-1c">
         <path>.\driverlib\MSP430F5xx_6xx\</path>
         <kind>object</kind>
         <file>tec.obj</file>
         <name>tec.obj</name>
      </input_file>
      <input_file id="fl-1d">
         <path>.\driverlib\MSP430F5xx_6xx\</path>
         <kind>object</kind>
         <file>sys.obj</file>
         <name>sys.obj</name>
      </input_file>
      <input_file id="fl-1e">
         <path>.\driverlib\MSP430F5xx_6xx\</path>
         <kind>object</kind>
         <file>sfr.obj</file>
         <name>sfr.obj</name>
      </input_file>
      <input_file id="fl-1f">
         <path>.\driverlib\MSP430F5xx_6xx\</path>
         <kind>object</kind>
         <file>sd24_b.obj</file>
         <name>sd24_b.obj</name>
      </input_file>
      <input_file id="fl-20">
         <path>.\driverlib\MSP430F5xx_6xx\</path>
         <kind>object</kind>
         <file>rtc_c.obj</file>
         <name>rtc_c.obj</name>
      </input_file>
      <input_file id="fl-21">
         <path>.\driverlib\MSP430F5xx_6xx\</path>
         <kind>object</kind>
         <file>rtc_b.obj</file>
         <name>rtc_b.obj</name>
      </input_file>
      <input_file id="fl-22">
         <path>.\driverlib\MSP430F5xx_6xx\</path>
         <kind>object</kind>
         <file>rtc_a.obj</file>
         <name>rtc_a.obj</name>
      </input_file>
      <input_file id="fl-23">
         <path>.\driverlib\MSP430F5xx_6xx\</path>
         <kind>object</kind>
         <file>ref.obj</file>
         <name>ref.obj</name>
      </input_file>
      <input_file id="fl-24">
         <path>.\driverlib\MSP430F5xx_6xx\</path>
         <kind>object</kind>
         <file>ram.obj</file>
         <name>ram.obj</name>
      </input_file>
      <input_file id="fl-25">
         <path>.\driverlib\MSP430F5xx_6xx\</path>
         <kind>object</kind>
         <file>pmm.obj</file>
         <name>pmm.obj</name>
      </input_file>
      <input_file id="fl-26">
         <path>.\driverlib\MSP430F5xx_6xx\</path>
         <kind>object</kind>
         <file>pmap.obj</file>
         <name>pmap.obj</name>
      </input_file>
      <input_file id="fl-27">
         <path>.\driverlib\MSP430F5xx_6xx\</path>
         <kind>object</kind>
         <file>mpy32.obj</file>
         <name>mpy32.obj</name>
      </input_file>
      <input_file id="fl-28">
         <path>.\driverlib\MSP430F5xx_6xx\</path>
         <kind>object</kind>
         <file>ldopwr.obj</file>
         <name>ldopwr.obj</name>
      </input_file>
      <input_file id="fl-29">
         <path>.\driverlib\MSP430F5xx_6xx\</path>
         <kind>object</kind>
         <file>gpio.obj</file>
         <name>gpio.obj</name>
      </input_file>
      <input_file id="fl-2a">
         <path>.\driverlib\MSP430F5xx_6xx\</path>
         <kind>object</kind>
         <file>flash.obj</file>
         <name>flash.obj</name>
      </input_file>
      <input_file id="fl-2b">
         <path>.\driverlib\MSP430F5xx_6xx\</path>
         <kind>object</kind>
         <file>eusci_uart.obj</file>
         <name>eusci_uart.obj</name>
      </input_file>
      <input_file id="fl-2c">
         <path>.\driverlib\MSP430F5xx_6xx\</path>
         <kind>object</kind>
         <file>eusci_spi.obj</file>
         <name>eusci_spi.obj</name>
      </input_file>
      <input_file id="fl-2d">
         <path>.\driverlib\MSP430F5xx_6xx\</path>
         <kind>object</kind>
         <file>eusci_i2c.obj</file>
         <name>eusci_i2c.obj</name>
      </input_file>
      <input_file id="fl-2e">
         <path>.\driverlib\MSP430F5xx_6xx\</path>
         <kind>object</kind>
         <file>eusci_b_spi.obj</file>
         <name>eusci_b_spi.obj</name>
      </input_file>
      <input_file id="fl-2f">
         <path>.\driverlib\MSP430F5xx_6xx\</path>
         <kind>object</kind>
         <file>eusci_b_i2c.obj</file>
         <name>eusci_b_i2c.obj</name>
      </input_file>
      <input_file id="fl-30">
         <path>.\driverlib\MSP430F5xx_6xx\</path>
         <kind>object</kind>
         <file>eusci_a_uart.obj</file>
         <name>eusci_a_uart.obj</name>
      </input_file>
      <input_file id="fl-31">
         <path>.\driverlib\MSP430F5xx_6xx\</path>
         <kind>object</kind>
         <file>eusci_a_spi.obj</file>
         <name>eusci_a_spi.obj</name>
      </input_file>
      <input_file id="fl-32">
         <path>.\driverlib\MSP430F5xx_6xx\</path>
         <kind>object</kind>
         <file>dma.obj</file>
         <name>dma.obj</name>
      </input_file>
      <input_file id="fl-33">
         <path>.\driverlib\MSP430F5xx_6xx\</path>
         <kind>object</kind>
         <file>dac12_a.obj</file>
         <name>dac12_a.obj</name>
      </input_file>
      <input_file id="fl-34">
         <path>.\driverlib\MSP430F5xx_6xx\</path>
         <kind>object</kind>
         <file>crc.obj</file>
         <name>crc.obj</name>
      </input_file>
      <input_file id="fl-35">
         <path>.\driverlib\MSP430F5xx_6xx\</path>
         <kind>object</kind>
         <file>comp_b.obj</file>
         <name>comp_b.obj</name>
      </input_file>
      <input_file id="fl-36">
         <path>.\driverlib\MSP430F5xx_6xx\</path>
         <kind>object</kind>
         <file>bak_batt.obj</file>
         <name>bak_batt.obj</name>
      </input_file>
      <input_file id="fl-37">
         <path>.\driverlib\MSP430F5xx_6xx\</path>
         <kind>object</kind>
         <file>aes.obj</file>
         <name>aes.obj</name>
      </input_file>
      <input_file id="fl-38">
         <path>.\driverlib\MSP430F5xx_6xx\</path>
         <kind>object</kind>
         <file>adc12_a.obj</file>
         <name>adc12_a.obj</name>
      </input_file>
      <input_file id="fl-39">
         <path>.\driverlib\MSP430F5xx_6xx\</path>
         <kind>object</kind>
         <file>adc10_a.obj</file>
         <name>adc10_a.obj</name>
      </input_file>
      <input_file id="fl-3a">
         <path>.\</path>
         <kind>object</kind>
         <file>system_pre_init.obj</file>
         <name>system_pre_init.obj</name>
      </input_file>
      <input_file id="fl-3b">
         <path>.\</path>
         <kind>object</kind>
         <file>main.obj</file>
         <name>main.obj</name>
      </input_file>
      <input_file id="fl-3c">
         <path>.\</path>
         <kind>object</kind>
         <file>hal.obj</file>
         <name>hal.obj</name>
      </input_file>
      <input_file id="fl-3d">
         <path>.\</path>
         <kind>object</kind>
         <file>BCUart.obj</file>
         <name>BCUart.obj</name>
      </input_file>
      <input_file id="fl-6c">
         <path>c:\ti\ccsv6\tools\compiler\msp430_4.3.3\lib\</path>
         <kind>archive</kind>
         <file>rts430x_lc_sd_eabi.lib</file>
         <name>boot.obj</name>
      </input_file>
      <input_file id="fl-6d">
         <path>c:\ti\ccsv6\tools\compiler\msp430_4.3.3\lib\</path>
         <kind>archive</kind>
         <file>rts430x_lc_sd_eabi.lib</file>
         <name>copy_decompress_none.obj</name>
      </input_file>
      <input_file id="fl-6e">
         <path>c:\ti\ccsv6\tools\compiler\msp430_4.3.3\lib\</path>
         <kind>archive</kind>
         <file>rts430x_lc_sd_eabi.lib</file>
         <name>copy_decompress_rle.obj</name>
      </input_file>
      <input_file id="fl-6f">
         <path>c:\ti\ccsv6\tools\compiler\msp430_4.3.3\lib\</path>
         <kind>archive</kind>
         <file>rts430x_lc_sd_eabi.lib</file>
         <name>copy_zero_init.obj</name>
      </input_file>
      <input_file id="fl-70">
         <path>c:\ti\ccsv6\tools\compiler\msp430_4.3.3\lib\</path>
         <kind>archive</kind>
         <file>rts430x_lc_sd_eabi.lib</file>
         <name>cpy_util.obj</name>
      </input_file>
      <input_file id="fl-71">
         <path>c:\ti\ccsv6\tools\compiler\msp430_4.3.3\lib\</path>
         <kind>archive</kind>
         <file>rts430x_lc_sd_eabi.lib</file>
         <name>div16s.obj</name>
      </input_file>
      <input_file id="fl-72">
         <path>c:\ti\ccsv6\tools\compiler\msp430_4.3.3\lib\</path>
         <kind>archive</kind>
         <file>rts430x_lc_sd_eabi.lib</file>
         <name>div16u.obj</name>
      </input_file>
      <input_file id="fl-73">
         <path>c:\ti\ccsv6\tools\compiler\msp430_4.3.3\lib\</path>
         <kind>archive</kind>
         <file>rts430x_lc_sd_eabi.lib</file>
         <name>div32s.obj</name>
      </input_file>
      <input_file id="fl-74">
         <path>c:\ti\ccsv6\tools\compiler\msp430_4.3.3\lib\</path>
         <kind>archive</kind>
         <file>rts430x_lc_sd_eabi.lib</file>
         <name>div32u.obj</name>
      </input_file>
      <input_file id="fl-75">
         <path>c:\ti\ccsv6\tools\compiler\msp430_4.3.3\lib\</path>
         <kind>archive</kind>
         <file>rts430x_lc_sd_eabi.lib</file>
         <name>exit.obj</name>
      </input_file>
      <input_file id="fl-76">
         <path>c:\ti\ccsv6\tools\compiler\msp430_4.3.3\lib\</path>
         <kind>archive</kind>
         <file>rts430x_lc_sd_eabi.lib</file>
         <name>int41.obj</name>
      </input_file>
      <input_file id="fl-77">
         <path>c:\ti\ccsv6\tools\compiler\msp430_4.3.3\lib\</path>
         <kind>archive</kind>
         <file>rts430x_lc_sd_eabi.lib</file>
         <name>int42.obj</name>
      </input_file>
      <input_file id="fl-78">
         <path>c:\ti\ccsv6\tools\compiler\msp430_4.3.3\lib\</path>
         <kind>archive</kind>
         <file>rts430x_lc_sd_eabi.lib</file>
         <name>int43.obj</name>
      </input_file>
      <input_file id="fl-79">
         <path>c:\ti\ccsv6\tools\compiler\msp430_4.3.3\lib\</path>
         <kind>archive</kind>
         <file>rts430x_lc_sd_eabi.lib</file>
         <name>int44.obj</name>
      </input_file>
      <input_file id="fl-7a">
         <path>c:\ti\ccsv6\tools\compiler\msp430_4.3.3\lib\</path>
         <kind>archive</kind>
         <file>rts430x_lc_sd_eabi.lib</file>
         <name>int45.obj</name>
      </input_file>
      <input_file id="fl-7b">
         <path>c:\ti\ccsv6\tools\compiler\msp430_4.3.3\lib\</path>
         <kind>archive</kind>
         <file>rts430x_lc_sd_eabi.lib</file>
         <name>int47.obj</name>
      </input_file>
      <input_file id="fl-7c">
         <path>c:\ti\ccsv6\tools\compiler\msp430_4.3.3\lib\</path>
         <kind>archive</kind>
         <file>rts430x_lc_sd_eabi.lib</file>
         <name>int48.obj</name>
      </input_file>
      <input_file id="fl-7d">
         <path>c:\ti\ccsv6\tools\compiler\msp430_4.3.3\lib\</path>
         <kind>archive</kind>
         <file>rts430x_lc_sd_eabi.lib</file>
         <name>int49.obj</name>
      </input_file>
      <input_file id="fl-7e">
         <path>c:\ti\ccsv6\tools\compiler\msp430_4.3.3\lib\</path>
         <kind>archive</kind>
         <file>rts430x_lc_sd_eabi.lib</file>
         <name>int50.obj</name>
      </input_file>
      <input_file id="fl-7f">
         <path>c:\ti\ccsv6\tools\compiler\msp430_4.3.3\lib\</path>
         <kind>archive</kind>
         <file>rts430x_lc_sd_eabi.lib</file>
         <name>int52.obj</name>
      </input_file>
      <input_file id="fl-80">
         <path>c:\ti\ccsv6\tools\compiler\msp430_4.3.3\lib\</path>
         <kind>archive</kind>
         <file>rts430x_lc_sd_eabi.lib</file>
         <name>int53.obj</name>
      </input_file>
      <input_file id="fl-81">
         <path>c:\ti\ccsv6\tools\compiler\msp430_4.3.3\lib\</path>
         <kind>archive</kind>
         <file>rts430x_lc_sd_eabi.lib</file>
         <name>int54.obj</name>
      </input_file>
      <input_file id="fl-82">
         <path>c:\ti\ccsv6\tools\compiler\msp430_4.3.3\lib\</path>
         <kind>archive</kind>
         <file>rts430x_lc_sd_eabi.lib</file>
         <name>int55.obj</name>
      </input_file>
      <input_file id="fl-83">
         <path>c:\ti\ccsv6\tools\compiler\msp430_4.3.3\lib\</path>
         <kind>archive</kind>
         <file>rts430x_lc_sd_eabi.lib</file>
         <name>int56.obj</name>
      </input_file>
      <input_file id="fl-84">
         <path>c:\ti\ccsv6\tools\compiler\msp430_4.3.3\lib\</path>
         <kind>archive</kind>
         <file>rts430x_lc_sd_eabi.lib</file>
         <name>int57.obj</name>
      </input_file>
      <input_file id="fl-85">
         <path>c:\ti\ccsv6\tools\compiler\msp430_4.3.3\lib\</path>
         <kind>archive</kind>
         <file>rts430x_lc_sd_eabi.lib</file>
         <name>int58.obj</name>
      </input_file>
      <input_file id="fl-86">
         <path>c:\ti\ccsv6\tools\compiler\msp430_4.3.3\lib\</path>
         <kind>archive</kind>
         <file>rts430x_lc_sd_eabi.lib</file>
         <name>int59.obj</name>
      </input_file>
      <input_file id="fl-87">
         <path>c:\ti\ccsv6\tools\compiler\msp430_4.3.3\lib\</path>
         <kind>archive</kind>
         <file>rts430x_lc_sd_eabi.lib</file>
         <name>int60.obj</name>
      </input_file>
      <input_file id="fl-88">
         <path>c:\ti\ccsv6\tools\compiler\msp430_4.3.3\lib\</path>
         <kind>archive</kind>
         <file>rts430x_lc_sd_eabi.lib</file>
         <name>int61.obj</name>
      </input_file>
      <input_file id="fl-89">
         <path>c:\ti\ccsv6\tools\compiler\msp430_4.3.3\lib\</path>
         <kind>archive</kind>
         <file>rts430x_lc_sd_eabi.lib</file>
         <name>int62.obj</name>
      </input_file>
      <input_file id="fl-8a">
         <path>c:\ti\ccsv6\tools\compiler\msp430_4.3.3\lib\</path>
         <kind>archive</kind>
         <file>rts430x_lc_sd_eabi.lib</file>
         <name>isr_trap.obj</name>
      </input_file>
      <input_file id="fl-8b">
         <path>c:\ti\ccsv6\tools\compiler\msp430_4.3.3\lib\</path>
         <kind>archive</kind>
         <file>rts430x_lc_sd_eabi.lib</file>
         <name>lsl16.obj</name>
      </input_file>
      <input_file id="fl-8c">
         <path>c:\ti\ccsv6\tools\compiler\msp430_4.3.3\lib\</path>
         <kind>archive</kind>
         <file>rts430x_lc_sd_eabi.lib</file>
         <name>lsl32.obj</name>
      </input_file>
      <input_file id="fl-8d">
         <path>c:\ti\ccsv6\tools\compiler\msp430_4.3.3\lib\</path>
         <kind>archive</kind>
         <file>rts430x_lc_sd_eabi.lib</file>
         <name>lsr16.obj</name>
      </input_file>
      <input_file id="fl-8e">
         <path>c:\ti\ccsv6\tools\compiler\msp430_4.3.3\lib\</path>
         <kind>archive</kind>
         <file>rts430x_lc_sd_eabi.lib</file>
         <name>lsr32.obj</name>
      </input_file>
      <input_file id="fl-8f">
         <path>c:\ti\ccsv6\tools\compiler\msp430_4.3.3\lib\</path>
         <kind>archive</kind>
         <file>rts430x_lc_sd_eabi.lib</file>
         <name>memset.obj</name>
      </input_file>
      <input_file id="fl-90">
         <path>c:\ti\ccsv6\tools\compiler\msp430_4.3.3\lib\</path>
         <kind>archive</kind>
         <file>rts430x_lc_sd_eabi.lib</file>
         <name>mpu_init.obj</name>
      </input_file>
      <input_file id="fl-91">
         <path>c:\ti\ccsv6\tools\compiler\msp430_4.3.3\lib\</path>
         <kind>archive</kind>
         <file>rts430x_lc_sd_eabi.lib</file>
         <name>mult16_f5hw.obj</name>
      </input_file>
      <input_file id="fl-92">
         <path>c:\ti\ccsv6\tools\compiler\msp430_4.3.3\lib\</path>
         <kind>archive</kind>
         <file>rts430x_lc_sd_eabi.lib</file>
         <name>mult32_f5hw.obj</name>
      </input_file>
      <input_file id="fl-93">
         <path>c:\ti\ccsv6\tools\compiler\msp430_4.3.3\lib\</path>
         <kind>archive</kind>
         <file>rts430x_lc_sd_eabi.lib</file>
         <name>_lock.obj</name>
      </input_file>
      <input_file id="fl-94">
         <path>c:\ti\ccsv6\tools\compiler\msp430_4.3.3\lib\</path>
         <kind>archive</kind>
         <file>rts430x_lc_sd_eabi.lib</file>
         <name>args_main.obj</name>
      </input_file>
      <input_file id="fl-95">
         <path>c:\ti\ccsv6\tools\compiler\msp430_4.3.3\lib\</path>
         <kind>archive</kind>
         <file>rts430x_lc_sd_eabi.lib</file>
         <name>autoinit.obj</name>
      </input_file>
   </input_file_list>
   <object_component_list>
      <object_component id="oc-97">
         <name>.stack</name>
         <uninitialized>true</uninitialized>
         <run_address>0x4360</run_address>
         <size>0x2</size>
         <input_file_ref idref="fl-6c"/>
      </object_component>
      <object_component id="oc-5ee">
         <name>.stack</name>
         <uninitialized>true</uninitialized>
         <run_address>0x4360</run_address>
         <size>0x0</size>
      </object_component>
      <object_component id="oc-234">
         <name>.text:USBCDC_receiveData</name>
         <load_address>0x45f2</load_address>
         <run_address>0x45f2</run_address>
         <size>0x38c</size>
         <input_file_ref idref="fl-2"/>
      </object_component>
      <object_component id="oc-196">
         <name>.text:CdcToHostFromBuffer</name>
         <load_address>0x497e</load_address>
         <run_address>0x497e</run_address>
         <size>0x2e0</size>
         <input_file_ref idref="fl-2"/>
      </object_component>
      <object_component id="oc-16f">
         <name>.text:USB_reset</name>
         <load_address>0x4c5e</load_address>
         <run_address>0x4c5e</run_address>
         <size>0x1c4</size>
         <input_file_ref idref="fl-4"/>
      </object_component>
      <object_component id="oc-1af">
         <name>.text:CdcToBufferFromHost</name>
         <load_address>0x4e22</load_address>
         <run_address>0x4e22</run_address>
         <size>0x19a</size>
         <input_file_ref idref="fl-2"/>
      </object_component>
      <object_component id="oc-1d3">
         <name>.text:PMM_setVCoreUp</name>
         <load_address>0x4fbc</load_address>
         <run_address>0x4fbc</run_address>
         <size>0x17e</size>
         <input_file_ref idref="fl-25"/>
      </object_component>
      <object_component id="oc-2fe">
         <name>.text:UCS_initFLL</name>
         <load_address>0x513a</load_address>
         <run_address>0x513a</run_address>
         <size>0x166</size>
         <input_file_ref idref="fl-17"/>
      </object_component>
      <object_component id="oc-1e6">
         <name>.text:UCS_clockSignalInit</name>
         <load_address>0x52a0</load_address>
         <run_address>0x52a0</run_address>
         <size>0x14a</size>
         <input_file_ref idref="fl-17"/>
      </object_component>
      <object_component id="oc-30d">
         <name>.text:USB_InitSerialStringDescriptor</name>
         <load_address>0x53ea</load_address>
         <run_address>0x53ea</run_address>
         <size>0x13a</size>
         <input_file_ref idref="fl-4"/>
      </object_component>
      <object_component id="oc-1d9">
         <name>.text:PMM_setVCoreDown</name>
         <load_address>0x5524</load_address>
         <run_address>0x5524</run_address>
         <size>0x112</size>
         <input_file_ref idref="fl-25"/>
      </object_component>
      <object_component id="oc-424">
         <name>.text:privateGPIOGetBaseAddress</name>
         <load_address>0x5636</load_address>
         <run_address>0x5636</run_address>
         <size>0x106</size>
         <input_file_ref idref="fl-29"/>
      </object_component>
      <object_component id="oc-226">
         <name>.text:USBCDC_intfStatus</name>
         <load_address>0x573c</load_address>
         <run_address>0x573c</run_address>
         <size>0xfc</size>
         <input_file_ref idref="fl-2"/>
      </object_component>
      <object_component id="oc-210">
         <name>.text:USB_enable</name>
         <load_address>0x5838</load_address>
         <run_address>0x5838</run_address>
         <size>0xf4</size>
         <input_file_ref idref="fl-4"/>
      </object_component>
      <object_component id="oc-23e">
         <name>.text:usbDecodeAndProcessUsbRequest</name>
         <load_address>0x592c</load_address>
         <run_address>0x592c</run_address>
         <size>0xea</size>
         <input_file_ref idref="fl-4"/>
      </object_component>
      <object_component id="oc-31d">
         <name>.text:GPIO_setAsPeripheralModuleFunctionOutputPin</name>
         <load_address>0x5a16</load_address>
         <run_address>0x5a16</run_address>
         <size>0xd8</size>
         <input_file_ref idref="fl-29"/>
      </object_component>
      <object_component id="oc-d8">
         <name>.text:__TI_decompress_rle_core</name>
         <load_address>0x5aee</load_address>
         <run_address>0x5aee</run_address>
         <size>0xd8</size>
         <input_file_ref idref="fl-6e"/>
      </object_component>
      <object_component id="oc-2e0">
         <name>.text:CopyUsbToBuff</name>
         <load_address>0x5bc6</load_address>
         <run_address>0x5bc6</run_address>
         <size>0xd6</size>
         <input_file_ref idref="fl-2"/>
      </object_component>
      <object_component id="oc-252">
         <name>.text:USB_determineFreq</name>
         <load_address>0x5c9c</load_address>
         <run_address>0x5c9c</run_address>
         <size>0xba</size>
         <input_file_ref idref="fl-4"/>
      </object_component>
      <object_component id="oc-22c">
         <name>.text:USBCDC_sendData</name>
         <load_address>0x5d56</load_address>
         <run_address>0x5d56</run_address>
         <size>0xb8</size>
         <input_file_ref idref="fl-2"/>
      </object_component>
      <object_component id="oc-1a2">
         <name>.text:USBCDC_bytesInUSBBuffer</name>
         <load_address>0x5e0e</load_address>
         <run_address>0x5e0e</run_address>
         <size>0xb6</size>
         <input_file_ref idref="fl-2"/>
      </object_component>
      <object_component id="oc-1fe">
         <name>.text:USB_init</name>
         <load_address>0x5ec4</load_address>
         <run_address>0x5ec4</run_address>
         <size>0xae</size>
         <input_file_ref idref="fl-4"/>
      </object_component>
      <object_component id="oc-41b">
         <name>.text:memcpyDMA</name>
         <load_address>0x5f72</load_address>
         <run_address>0x5f72</run_address>
         <size>0xac</size>
         <input_file_ref idref="fl-3"/>
      </object_component>
      <object_component id="oc-477">
         <name>.text:usbGetEndpointStatus</name>
         <load_address>0x601e</load_address>
         <run_address>0x601e</run_address>
         <size>0xa6</size>
         <input_file_ref idref="fl-4"/>
      </object_component>
      <object_component id="oc-415">
         <name>.text:DMA_init</name>
         <load_address>0x60c4</load_address>
         <run_address>0x60c4</run_address>
         <size>0xa0</size>
         <input_file_ref idref="fl-32"/>
      </object_component>
      <object_component id="oc-121">
         <name>.text:cdcSendDataInBackground</name>
         <load_address>0x6164</load_address>
         <run_address>0x6164</run_address>
         <size>0xa0</size>
         <input_file_ref idref="fl-c"/>
      </object_component>
      <object_component id="oc-128">
         <name>.text:cdcReceiveDataInBuffer</name>
         <load_address>0x6204</load_address>
         <run_address>0x6204</run_address>
         <size>0x92</size>
         <input_file_ref idref="fl-c"/>
      </object_component>
      <object_component id="oc-42f">
         <name>.text:usbGetLineCoding</name>
         <load_address>0x6296</load_address>
         <run_address>0x6296</run_address>
         <size>0x8e</size>
         <input_file_ref idref="fl-2"/>
      </object_component>
      <object_component id="oc-b2">
         <name>.text:main</name>
         <load_address>0x6324</load_address>
         <run_address>0x6324</run_address>
         <size>0x84</size>
         <input_file_ref idref="fl-3b"/>
      </object_component>
      <object_component id="oc-f7">
         <name>.text:PMM_setVCore</name>
         <load_address>0x63a8</load_address>
         <run_address>0x63a8</run_address>
         <size>0x82</size>
         <input_file_ref idref="fl-25"/>
      </object_component>
      <object_component id="oc-103">
         <name>.text:initClocks</name>
         <load_address>0x642a</load_address>
         <run_address>0x642a</run_address>
         <size>0x82</size>
         <input_file_ref idref="fl-3c"/>
      </object_component>
      <object_component id="oc-156">
         <name>.text:PWRVBUSoffHandler</name>
         <load_address>0x64ac</load_address>
         <run_address>0x64ac</run_address>
         <size>0x7e</size>
         <input_file_ref idref="fl-e"/>
      </object_component>
      <object_component id="oc-3fc">
         <name>.text:TLV_getInfo</name>
         <load_address>0x652a</load_address>
         <run_address>0x652a</run_address>
         <size>0x7e</size>
         <input_file_ref idref="fl-18"/>
      </object_component>
      <object_component id="oc-323">
         <name>.text:UCS_XT2StartWithTimeout</name>
         <load_address>0x65a8</load_address>
         <run_address>0x65a8</run_address>
         <size>0x7e</size>
         <input_file_ref idref="fl-17"/>
      </object_component>
      <object_component id="oc-261">
         <name>.text:usbSendNextPacketOnIEP0</name>
         <load_address>0x6626</load_address>
         <run_address>0x6626</run_address>
         <size>0x7e</size>
         <input_file_ref idref="fl-4"/>
      </object_component>
      <object_component id="oc-270">
         <name>.text:Handler_SetLineCoding</name>
         <load_address>0x66a4</load_address>
         <run_address>0x66a4</run_address>
         <size>0x70</size>
         <input_file_ref idref="fl-2"/>
      </object_component>
      <object_component id="oc-ac">
         <name>.text:_auto_init</name>
         <load_address>0x6714</load_address>
         <run_address>0x6714</run_address>
         <size>0x70</size>
         <input_file_ref idref="fl-95"/>
      </object_component>
      <object_component id="oc-45f">
         <name>.text:usbGetStringDescriptor</name>
         <load_address>0x6784</load_address>
         <run_address>0x6784</run_address>
         <size>0x6e</size>
         <input_file_ref idref="fl-4"/>
      </object_component>
      <object_component id="oc-149">
         <name>.text:PWRVBUSonHandler</name>
         <load_address>0x67f2</load_address>
         <run_address>0x67f2</run_address>
         <size>0x6c</size>
         <input_file_ref idref="fl-e"/>
      </object_component>
      <object_component id="oc-269">
         <name>.text:usbReceiveNextPacketOnOEP0</name>
         <load_address>0x685e</load_address>
         <run_address>0x685e</run_address>
         <size>0x68</size>
         <input_file_ref idref="fl-4"/>
      </object_component>
      <object_component id="oc-4bc">
         <name>.text:DMA_setDstAddress</name>
         <load_address>0x68c6</load_address>
         <run_address>0x68c6</run_address>
         <size>0x60</size>
         <input_file_ref idref="fl-32"/>
      </object_component>
      <object_component id="oc-4b6">
         <name>.text:DMA_setSrcAddress</name>
         <load_address>0x6926</load_address>
         <run_address>0x6926</run_address>
         <size>0x5c</size>
         <input_file_ref idref="fl-32"/>
      </object_component>
      <object_component id="oc-13a">
         <name>.text:SetupPacketInterruptHandler</name>
         <load_address>0x6982</load_address>
         <run_address>0x6982</run_address>
         <size>0x5c</size>
         <input_file_ref idref="fl-e"/>
      </object_component>
      <object_component id="oc-1f6">
         <name>.text:UCS_initFLLSettle</name>
         <load_address>0x69de</load_address>
         <run_address>0x69de</run_address>
         <size>0x58</size>
         <input_file_ref idref="fl-17"/>
      </object_component>
      <object_component id="oc-1ec">
         <name>.text</name>
         <load_address>0x6a36</load_address>
         <run_address>0x6a36</run_address>
         <size>0x58</size>
         <input_file_ref idref="fl-74"/>
      </object_component>
      <object_component id="oc-48f">
         <name>.text:usbSetEndpointFeature</name>
         <load_address>0x6a8e</load_address>
         <run_address>0x6a8e</run_address>
         <size>0x56</size>
         <input_file_ref idref="fl-4"/>
      </object_component>
      <object_component id="oc-447">
         <name>.text:usbClearEndpointFeature</name>
         <load_address>0x6ae4</load_address>
         <run_address>0x6ae4</run_address>
         <size>0x54</size>
         <input_file_ref idref="fl-4"/>
      </object_component>
      <object_component id="oc-313">
         <name>.text:USB_initMemcpy</name>
         <load_address>0x6b38</load_address>
         <run_address>0x6b38</run_address>
         <size>0x4e</size>
         <input_file_ref idref="fl-3"/>
      </object_component>
      <object_component id="oc-118">
         <name>.text:bcUartReceiveBytesInBuffer</name>
         <load_address>0x6b86</load_address>
         <run_address>0x6b86</run_address>
         <size>0x4e</size>
         <input_file_ref idref="fl-3d"/>
      </object_component>
      <object_component id="oc-280">
         <name>.text:CdcResetData</name>
         <load_address>0x6bd4</load_address>
         <run_address>0x6bd4</run_address>
         <size>0x4a</size>
         <input_file_ref idref="fl-2"/>
      </object_component>
      <object_component id="oc-40d">
         <name>.text:memcpyV</name>
         <load_address>0x6c1e</load_address>
         <run_address>0x6c1e</run_address>
         <size>0x48</size>
         <input_file_ref idref="fl-3"/>
      </object_component>
      <object_component id="oc-10f">
         <name>.text:USB_setup</name>
         <load_address>0x6c66</load_address>
         <run_address>0x6c66</run_address>
         <size>0x46</size>
         <input_file_ref idref="fl-4"/>
      </object_component>
      <object_component id="oc-132">
         <name>.text:bcUartSend</name>
         <load_address>0x6cac</load_address>
         <run_address>0x6cac</run_address>
         <size>0x44</size>
         <input_file_ref idref="fl-3d"/>
      </object_component>
      <object_component id="oc-fd">
         <name>.text:initPorts</name>
         <load_address>0x6cf0</load_address>
         <run_address>0x6cf0</run_address>
         <size>0x42</size>
         <input_file_ref idref="fl-3c"/>
      </object_component>
      <object_component id="oc-20a">
         <name>.text:USB_connectionInfo</name>
         <load_address>0x6d32</load_address>
         <run_address>0x6d32</run_address>
         <size>0x40</size>
         <input_file_ref idref="fl-4"/>
      </object_component>
      <object_component id="oc-c5">
         <name>.text:__memcpy_far</name>
         <load_address>0x6d72</load_address>
         <run_address>0x6d72</run_address>
         <size>0x40</size>
         <input_file_ref idref="fl-70"/>
      </object_component>
      <object_component id="oc-8b">
         <name>.text:decompress:ZI:__TI_zero_init</name>
         <load_address>0x6db2</load_address>
         <run_address>0x6db2</run_address>
         <size>0x3e</size>
         <input_file_ref idref="fl-6f"/>
      </object_component>
      <object_component id="oc-3b3">
         <name>.text:l_lsl_const</name>
         <load_address>0x6df0</load_address>
         <run_address>0x6df0</run_address>
         <size>0x3e</size>
         <input_file_ref idref="fl-8c"/>
      </object_component>
      <object_component id="oc-1f1">
         <name>.text:l_lsr_const</name>
         <load_address>0x6e2e</load_address>
         <run_address>0x6e2e</run_address>
         <size>0x3e</size>
         <input_file_ref idref="fl-8e"/>
      </object_component>
      <object_component id="oc-169">
         <name>.text:OEP0InterruptHandler</name>
         <load_address>0x6e6c</load_address>
         <run_address>0x6e6c</run_address>
         <size>0x3c</size>
         <input_file_ref idref="fl-e"/>
      </object_component>
      <object_component id="oc-85">
         <name>.text:decompress:none:__TI_decompress_none</name>
         <load_address>0x6ea8</load_address>
         <run_address>0x6ea8</run_address>
         <size>0x3c</size>
         <input_file_ref idref="fl-6d"/>
      </object_component>
      <object_component id="oc-17c">
         <name>.text:USB_suspend</name>
         <load_address>0x6ee4</load_address>
         <run_address>0x6ee4</run_address>
         <size>0x38</size>
         <input_file_ref idref="fl-4"/>
      </object_component>
      <object_component id="oc-483">
         <name>.text:usbSetConfiguration</name>
         <load_address>0x6f1c</load_address>
         <run_address>0x6f1c</run_address>
         <size>0x32</size>
         <input_file_ref idref="fl-4"/>
      </object_component>
      <object_component id="oc-32b">
         <name>.text:usbDisableInEndpointInterrupt</name>
         <load_address>0x6f4e</load_address>
         <run_address>0x6f4e</run_address>
         <size>0x30</size>
         <input_file_ref idref="fl-4"/>
      </object_component>
      <object_component id="oc-2c2">
         <name>.text:usbDisableOutEndpointInterrupt</name>
         <load_address>0x6f7e</load_address>
         <run_address>0x6f7e</run_address>
         <size>0x30</size>
         <input_file_ref idref="fl-4"/>
      </object_component>
      <object_component id="oc-46b">
         <name>.text:usbGetDeviceStatus</name>
         <load_address>0x6fae</load_address>
         <run_address>0x6fae</run_address>
         <size>0x30</size>
         <input_file_ref idref="fl-4"/>
      </object_component>
      <object_component id="oc-4f9">
         <name>.text:usbSendDataPacketOnEP0</name>
         <load_address>0x6fde</load_address>
         <run_address>0x6fde</run_address>
         <size>0x30</size>
         <input_file_ref idref="fl-4"/>
      </object_component>
      <object_component id="oc-109">
         <name>.text:bcUartInit</name>
         <load_address>0x700e</load_address>
         <run_address>0x700e</run_address>
         <size>0x2a</size>
         <input_file_ref idref="fl-3d"/>
      </object_component>
      <object_component id="oc-4e0">
         <name>.text:DMA_disableTransfers</name>
         <load_address>0x7038</load_address>
         <run_address>0x7038</run_address>
         <size>0x26</size>
         <input_file_ref idref="fl-32"/>
      </object_component>
      <object_component id="oc-4ce">
         <name>.text:DMA_enableTransfers</name>
         <load_address>0x705e</load_address>
         <run_address>0x705e</run_address>
         <size>0x26</size>
         <input_file_ref idref="fl-32"/>
      </object_component>
      <object_component id="oc-4d4">
         <name>.text:DMA_startTransfer</name>
         <load_address>0x7084</load_address>
         <run_address>0x7084</run_address>
         <size>0x24</size>
         <input_file_ref idref="fl-32"/>
      </object_component>
      <object_component id="oc-4da">
         <name>.text:DMA_getInterruptStatus</name>
         <load_address>0x70a8</load_address>
         <run_address>0x70a8</run_address>
         <size>0x22</size>
         <input_file_ref idref="fl-32"/>
      </object_component>
      <object_component id="oc-4c8">
         <name>.text:DMA_setTransferSize</name>
         <load_address>0x70ca</load_address>
         <run_address>0x70ca</run_address>
         <size>0x22</size>
         <input_file_ref idref="fl-32"/>
      </object_component>
      <object_component id="oc-47d">
         <name>.text:usbSetAddress</name>
         <load_address>0x70ec</load_address>
         <run_address>0x70ec</run_address>
         <size>0x20</size>
         <input_file_ref idref="fl-4"/>
      </object_component>
      <object_component id="oc-465">
         <name>.text:usbGetInterface</name>
         <load_address>0x710c</load_address>
         <run_address>0x710c</run_address>
         <size>0x1e</size>
         <input_file_ref idref="fl-4"/>
      </object_component>
      <object_component id="oc-471">
         <name>.text:usbGetInterfaceStatus</name>
         <load_address>0x712a</load_address>
         <run_address>0x712a</run_address>
         <size>0x1e</size>
         <input_file_ref idref="fl-4"/>
      </object_component>
      <object_component id="oc-163">
         <name>.text:IEP0InterruptHandler</name>
         <load_address>0x7148</load_address>
         <run_address>0x7148</run_address>
         <size>0x1c</size>
         <input_file_ref idref="fl-e"/>
      </object_component>
      <object_component id="oc-501">
         <name>.text:usbReceiveDataPacketOnEP0</name>
         <load_address>0x7164</load_address>
         <run_address>0x7164</run_address>
         <size>0x1c</size>
         <input_file_ref idref="fl-4"/>
      </object_component>
      <object_component id="oc-288">
         <name>.text:UCS_XT2Off</name>
         <load_address>0x7180</load_address>
         <run_address>0x7180</run_address>
         <size>0x1a</size>
         <input_file_ref idref="fl-17"/>
      </object_component>
      <object_component id="oc-216">
         <name>.text:USB_connect</name>
         <load_address>0x719a</load_address>
         <run_address>0x719a</run_address>
         <size>0x1a</size>
         <input_file_ref idref="fl-4"/>
      </object_component>
      <object_component id="oc-19c">
         <name>.text:CdcIsReceiveInProgress</name>
         <load_address>0x71b4</load_address>
         <run_address>0x71b4</run_address>
         <size>0x18</size>
         <input_file_ref idref="fl-2"/>
      </object_component>
      <object_component id="oc-3bf">
         <name>.text:USBCDC_handleSetLineCoding</name>
         <load_address>0x71cc</load_address>
         <run_address>0x71cc</run_address>
         <size>0x18</size>
         <input_file_ref idref="fl-b"/>
      </object_component>
      <object_component id="oc-189">
         <name>.text:USB_resume</name>
         <load_address>0x71e4</load_address>
         <run_address>0x71e4</run_address>
         <size>0x18</size>
         <input_file_ref idref="fl-4"/>
      </object_component>
      <object_component id="oc-441">
         <name>.text:usbClearDeviceFeature</name>
         <load_address>0x71fc</load_address>
         <run_address>0x71fc</run_address>
         <size>0x18</size>
         <input_file_ref idref="fl-4"/>
      </object_component>
      <object_component id="oc-489">
         <name>.text:usbSetDeviceFeature</name>
         <load_address>0x7214</load_address>
         <run_address>0x7214</run_address>
         <size>0x18</size>
         <input_file_ref idref="fl-4"/>
      </object_component>
      <object_component id="oc-4b0">
         <name>.text:DMA_disableTransferDuringReadModifyWrite</name>
         <load_address>0x722c</load_address>
         <run_address>0x722c</run_address>
         <size>0x16</size>
         <input_file_ref idref="fl-32"/>
      </object_component>
      <object_component id="oc-4c2">
         <name>.text:DMA_enableTransferDuringReadModifyWrite</name>
         <load_address>0x7242</load_address>
         <run_address>0x7242</run_address>
         <size>0x16</size>
         <input_file_ref idref="fl-32"/>
      </object_component>
      <object_component id="oc-292">
         <name>.text</name>
         <load_address>0x7258</load_address>
         <run_address>0x7258</run_address>
         <size>0x16</size>
         <input_file_ref idref="fl-91"/>
      </object_component>
      <object_component id="oc-459">
         <name>.text:usbGetConfigurationDescriptor</name>
         <load_address>0x726e</load_address>
         <run_address>0x726e</run_address>
         <size>0x16</size>
         <input_file_ref idref="fl-4"/>
      </object_component>
      <object_component id="oc-453">
         <name>.text:usbGetDeviceDescriptor</name>
         <load_address>0x7284</load_address>
         <run_address>0x7284</run_address>
         <size>0x16</size>
         <input_file_ref idref="fl-4"/>
      </object_component>
      <object_component id="oc-150">
         <name>.text:USB_handleVbusOnEvent</name>
         <load_address>0x729a</load_address>
         <run_address>0x729a</run_address>
         <size>0x14</size>
         <input_file_ref idref="fl-b"/>
      </object_component>
      <object_component id="oc-3ca">
         <name>.text:memset</name>
         <load_address>0x72ae</load_address>
         <run_address>0x72ae</run_address>
         <size>0x14</size>
         <input_file_ref idref="fl-8f"/>
      </object_component>
      <object_component id="oc-44d">
         <name>.text:usbGetConfiguration</name>
         <load_address>0x72c2</load_address>
         <run_address>0x72c2</run_address>
         <size>0x14</size>
         <input_file_ref idref="fl-4"/>
      </object_component>
      <object_component id="oc-43b">
         <name>.text:usbSetControlLineState</name>
         <load_address>0x72d6</load_address>
         <run_address>0x72d6</run_address>
         <size>0x14</size>
         <input_file_ref idref="fl-2"/>
      </object_component>
      <object_component id="oc-495">
         <name>.text:usbSetInterface</name>
         <load_address>0x72ea</load_address>
         <run_address>0x72ea</run_address>
         <size>0x12</size>
         <input_file_ref idref="fl-4"/>
      </object_component>
      <object_component id="oc-508">
         <name>.text:USBCDC_handleSetControlLineState</name>
         <load_address>0x72fc</load_address>
         <run_address>0x72fc</run_address>
         <size>0x10</size>
         <input_file_ref idref="fl-b"/>
      </object_component>
      <object_component id="oc-204">
         <name>.text:USB_setEnabledEvents</name>
         <load_address>0x730c</load_address>
         <run_address>0x730c</run_address>
         <size>0x10</size>
         <input_file_ref idref="fl-4"/>
      </object_component>
      <object_component id="oc-91">
         <name>.text:decompress:rle24:__TI_decompress_rle24</name>
         <load_address>0x731c</load_address>
         <run_address>0x731c</run_address>
         <size>0xe</size>
         <input_file_ref idref="fl-6e"/>
      </object_component>
      <object_component id="oc-49b">
         <name>.text:usbInvalidRequest</name>
         <load_address>0x732a</load_address>
         <run_address>0x732a</run_address>
         <size>0xe</size>
         <input_file_ref idref="fl-4"/>
      </object_component>
      <object_component id="oc-337">
         <name>.text:usbRestoreInEndpointInterrupt</name>
         <load_address>0x7338</load_address>
         <run_address>0x7338</run_address>
         <size>0xe</size>
         <input_file_ref idref="fl-4"/>
      </object_component>
      <object_component id="oc-2c8">
         <name>.text:usbRestoreOutEndpointInterrupt</name>
         <load_address>0x7346</load_address>
         <run_address>0x7346</run_address>
         <size>0xe</size>
         <input_file_ref idref="fl-4"/>
      </object_component>
      <object_component id="oc-50e">
         <name>.text:usbSendZeroLengthPacketOnIEP0</name>
         <load_address>0x7354</load_address>
         <run_address>0x7354</run_address>
         <size>0xe</size>
         <input_file_ref idref="fl-4"/>
      </object_component>
      <object_component id="oc-1a9">
         <name>.text:USBCDC_handleDataReceived</name>
         <load_address>0x7362</load_address>
         <run_address>0x7362</run_address>
         <size>0xc</size>
         <input_file_ref idref="fl-b"/>
      </object_component>
      <object_component id="oc-2f0">
         <name>.text:USBCDC_handleReceiveCompleted</name>
         <load_address>0x736e</load_address>
         <run_address>0x736e</run_address>
         <size>0xc</size>
         <input_file_ref idref="fl-b"/>
      </object_component>
      <object_component id="oc-2a2">
         <name>.text:USBCDC_handleSendCompleted</name>
         <load_address>0x737a</load_address>
         <run_address>0x737a</run_address>
         <size>0xc</size>
         <input_file_ref idref="fl-b"/>
      </object_component>
      <object_component id="oc-435">
         <name>.text:usbSetLineCoding</name>
         <load_address>0x7386</load_address>
         <run_address>0x7386</run_address>
         <size>0xc</size>
         <input_file_ref idref="fl-2"/>
      </object_component>
      <object_component id="oc-a6">
         <name>.text:_system_pre_init</name>
         <load_address>0x7392</load_address>
         <run_address>0x7392</run_address>
         <size>0xa</size>
         <input_file_ref idref="fl-3a"/>
      </object_component>
      <object_component id="oc-342">
         <name>.text</name>
         <load_address>0x739c</load_address>
         <run_address>0x739c</run_address>
         <size>0xa</size>
         <input_file_ref idref="fl-8b"/>
      </object_component>
      <object_component id="oc-382">
         <name>.text</name>
         <load_address>0x73a6</load_address>
         <run_address>0x73a6</run_address>
         <size>0xa</size>
         <input_file_ref idref="fl-8d"/>
      </object_component>
      <object_component id="oc-516">
         <name>.text:usbStallEndpoint0</name>
         <load_address>0x73b0</load_address>
         <run_address>0x73b0</run_address>
         <size>0xa</size>
         <input_file_ref idref="fl-4"/>
      </object_component>
      <object_component id="oc-306">
         <name>.text:USB_getVersion</name>
         <load_address>0x73ba</load_address>
         <run_address>0x73ba</run_address>
         <size>0x6</size>
         <input_file_ref idref="fl-4"/>
      </object_component>
      <object_component id="oc-9b">
         <name>.text:__TI_ISR_TRAP</name>
         <load_address>0x73c0</load_address>
         <run_address>0x73c0</run_address>
         <size>0x6</size>
         <input_file_ref idref="fl-8a"/>
      </object_component>
      <object_component id="oc-3a2">
         <name>.text:usbClearOEP0ByteCount</name>
         <load_address>0x73c6</load_address>
         <run_address>0x73c6</run_address>
         <size>0x6</size>
         <input_file_ref idref="fl-4"/>
      </object_component>
      <object_component id="oc-3a9">
         <name>.text:usbStallOEP0</name>
         <load_address>0x73cc</load_address>
         <run_address>0x73cc</run_address>
         <size>0x6</size>
         <input_file_ref idref="fl-4"/>
      </object_component>
      <object_component id="oc-143">
         <name>.text:USB_handleClockEvent</name>
         <load_address>0x73d2</load_address>
         <run_address>0x73d2</run_address>
         <size>0x4</size>
         <input_file_ref idref="fl-b"/>
      </object_component>
      <object_component id="oc-555">
         <name>.text:USB_handleEnumCompleteEvent</name>
         <load_address>0x73d6</load_address>
         <run_address>0x73d6</run_address>
         <size>0x4</size>
         <input_file_ref idref="fl-b"/>
      </object_component>
      <object_component id="oc-176">
         <name>.text:USB_handleResetEvent</name>
         <load_address>0x73da</load_address>
         <run_address>0x73da</run_address>
         <size>0x4</size>
         <input_file_ref idref="fl-b"/>
      </object_component>
      <object_component id="oc-190">
         <name>.text:USB_handleResumeEvent</name>
         <load_address>0x73de</load_address>
         <run_address>0x73de</run_address>
         <size>0x4</size>
         <input_file_ref idref="fl-b"/>
      </object_component>
      <object_component id="oc-183">
         <name>.text:USB_handleSuspendEvent</name>
         <load_address>0x73e2</load_address>
         <run_address>0x73e2</run_address>
         <size>0x4</size>
         <input_file_ref idref="fl-b"/>
      </object_component>
      <object_component id="oc-15d">
         <name>.text:USB_handleVbusOffEvent</name>
         <load_address>0x73e6</load_address>
         <run_address>0x73e6</run_address>
         <size>0x4</size>
         <input_file_ref idref="fl-b"/>
      </object_component>
      <object_component id="oc-b8">
         <name>.text:abort</name>
         <load_address>0x73ea</load_address>
         <run_address>0x73ea</run_address>
         <size>0x4</size>
         <input_file_ref idref="fl-75"/>
      </object_component>
      <object_component id="oc-bf">
         <name>.text:_isr:iUsbInterruptHandler</name>
         <load_address>0x4400</load_address>
         <run_address>0x4400</run_address>
         <size>0x1b0</size>
         <input_file_ref idref="fl-e"/>
      </object_component>
      <object_component id="oc-a0">
         <name>.text:_isr:bcUartISR</name>
         <load_address>0x45b0</load_address>
         <run_address>0x45b0</run_address>
         <size>0x28</size>
         <input_file_ref idref="fl-3d"/>
      </object_component>
      <object_component id="oc-72">
         <name>.text:_isr:_c_int00_noexit</name>
         <load_address>0x45d8</load_address>
         <run_address>0x45d8</run_address>
         <size>0x1a</size>
         <input_file_ref idref="fl-6c"/>
      </object_component>
      <object_component id="oc-5ed">
         <name>.cinit..data.load</name>
         <load_address>0x7658</load_address>
         <run_address>0x7658</run_address>
         <size>0xe</size>
      </object_component>
      <object_component id="oc-5ea">
         <name>__TI_handler_table</name>
         <load_address>0x7666</load_address>
         <run_address>0x7666</run_address>
         <size>0xc</size>
      </object_component>
      <object_component id="oc-5ec">
         <name>.cinit..bss.load</name>
         <load_address>0x7672</load_address>
         <run_address>0x7672</run_address>
         <size>0x6</size>
      </object_component>
      <object_component id="oc-5eb">
         <name>__TI_cinit_table</name>
         <load_address>0x7678</load_address>
         <run_address>0x7678</run_address>
         <size>0x10</size>
      </object_component>
      <object_component id="oc-379">
         <name>.const:tUsbRequestList</name>
         <load_address>0x73ee</load_address>
         <run_address>0x73ee</run_address>
         <size>0x10a</size>
         <input_file_ref idref="fl-d"/>
      </object_component>
      <object_component id="oc-52e">
         <name>.const:.string:abromStringDescriptor</name>
         <load_address>0x74f8</load_address>
         <run_address>0x74f8</run_address>
         <size>0xda</size>
         <input_file_ref idref="fl-d"/>
      </object_component>
      <object_component id="oc-527">
         <name>.const</name>
         <load_address>0x75d2</load_address>
         <run_address>0x75d2</run_address>
         <size>0x43</size>
         <input_file_ref idref="fl-d"/>
      </object_component>
      <object_component id="oc-38a">
         <name>.const:.string</name>
         <load_address>0x7616</load_address>
         <run_address>0x7616</run_address>
         <size>0x20</size>
         <input_file_ref idref="fl-4"/>
      </object_component>
      <object_component id="oc-522">
         <name>.const:.string:abromDeviceDescriptor</name>
         <load_address>0x7636</load_address>
         <run_address>0x7636</run_address>
         <size>0x12</size>
         <input_file_ref idref="fl-d"/>
      </object_component>
      <object_component id="oc-27d">
         <name>.const:stUsbHandle</name>
         <load_address>0x7648</load_address>
         <run_address>0x7648</run_address>
         <size>0x10</size>
         <input_file_ref idref="fl-d"/>
      </object_component>
      <object_component id="oc-69">
         <name>.int41</name>
         <load_address>0xffd2</load_address>
         <run_address>0xffd2</run_address>
         <size>0x2</size>
         <input_file_ref idref="fl-76"/>
      </object_component>
      <object_component id="oc-6a">
         <name>.int42</name>
         <load_address>0xffd4</load_address>
         <run_address>0xffd4</run_address>
         <size>0x2</size>
         <input_file_ref idref="fl-77"/>
      </object_component>
      <object_component id="oc-6b">
         <name>.int43</name>
         <load_address>0xffd6</load_address>
         <run_address>0xffd6</run_address>
         <size>0x2</size>
         <input_file_ref idref="fl-78"/>
      </object_component>
      <object_component id="oc-6c">
         <name>.int44</name>
         <load_address>0xffd8</load_address>
         <run_address>0xffd8</run_address>
         <size>0x2</size>
         <input_file_ref idref="fl-79"/>
      </object_component>
      <object_component id="oc-6d">
         <name>.int45</name>
         <load_address>0xffda</load_address>
         <run_address>0xffda</run_address>
         <size>0x2</size>
         <input_file_ref idref="fl-7a"/>
      </object_component>
      <object_component id="oc-6e">
         <name>.int46</name>
         <load_address>0xffdc</load_address>
         <run_address>0xffdc</run_address>
         <size>0x2</size>
         <input_file_ref idref="fl-3d"/>
      </object_component>
      <object_component id="oc-6f">
         <name>.int47</name>
         <load_address>0xffde</load_address>
         <run_address>0xffde</run_address>
         <size>0x2</size>
         <input_file_ref idref="fl-7b"/>
      </object_component>
      <object_component id="oc-70">
         <name>.int48</name>
         <load_address>0xffe0</load_address>
         <run_address>0xffe0</run_address>
         <size>0x2</size>
         <input_file_ref idref="fl-7c"/>
      </object_component>
      <object_component id="oc-71">
         <name>.int49</name>
         <load_address>0xffe2</load_address>
         <run_address>0xffe2</run_address>
         <size>0x2</size>
         <input_file_ref idref="fl-7d"/>
      </object_component>
      <object_component id="oc-78">
         <name>.int50</name>
         <load_address>0xffe4</load_address>
         <run_address>0xffe4</run_address>
         <size>0x2</size>
         <input_file_ref idref="fl-7e"/>
      </object_component>
      <object_component id="oc-79">
         <name>.int51</name>
         <load_address>0xffe6</load_address>
         <run_address>0xffe6</run_address>
         <size>0x2</size>
         <input_file_ref idref="fl-e"/>
      </object_component>
      <object_component id="oc-7a">
         <name>.int52</name>
         <load_address>0xffe8</load_address>
         <run_address>0xffe8</run_address>
         <size>0x2</size>
         <input_file_ref idref="fl-7f"/>
      </object_component>
      <object_component id="oc-7b">
         <name>.int53</name>
         <load_address>0xffea</load_address>
         <run_address>0xffea</run_address>
         <size>0x2</size>
         <input_file_ref idref="fl-80"/>
      </object_component>
      <object_component id="oc-7c">
         <name>.int54</name>
         <load_address>0xffec</load_address>
         <run_address>0xffec</run_address>
         <size>0x2</size>
         <input_file_ref idref="fl-81"/>
      </object_component>
      <object_component id="oc-7d">
         <name>.int55</name>
         <load_address>0xffee</load_address>
         <run_address>0xffee</run_address>
         <size>0x2</size>
         <input_file_ref idref="fl-82"/>
      </object_component>
      <object_component id="oc-7e">
         <name>.int56</name>
         <load_address>0xfff0</load_address>
         <run_address>0xfff0</run_address>
         <size>0x2</size>
         <input_file_ref idref="fl-83"/>
      </object_component>
      <object_component id="oc-7f">
         <name>.int57</name>
         <load_address>0xfff2</load_address>
         <run_address>0xfff2</run_address>
         <size>0x2</size>
         <input_file_ref idref="fl-84"/>
      </object_component>
      <object_component id="oc-80">
         <name>.int58</name>
         <load_address>0xfff4</load_address>
         <run_address>0xfff4</run_address>
         <size>0x2</size>
         <input_file_ref idref="fl-85"/>
      </object_component>
      <object_component id="oc-81">
         <name>.int59</name>
         <load_address>0xfff6</load_address>
         <run_address>0xfff6</run_address>
         <size>0x2</size>
         <input_file_ref idref="fl-86"/>
      </object_component>
      <object_component id="oc-82">
         <name>.int60</name>
         <load_address>0xfff8</load_address>
         <run_address>0xfff8</run_address>
         <size>0x2</size>
         <input_file_ref idref="fl-87"/>
      </object_component>
      <object_component id="oc-83">
         <name>.int61</name>
         <load_address>0xfffa</load_address>
         <run_address>0xfffa</run_address>
         <size>0x2</size>
         <input_file_ref idref="fl-88"/>
      </object_component>
      <object_component id="oc-84">
         <name>.int62</name>
         <load_address>0xfffc</load_address>
         <run_address>0xfffc</run_address>
         <size>0x2</size>
         <input_file_ref idref="fl-89"/>
      </object_component>
      <object_component id="oc-9a">
         <name>.reset</name>
         <load_address>0xfffe</load_address>
         <run_address>0xfffe</run_address>
         <size>0x2</size>
         <input_file_ref idref="fl-6c"/>
      </object_component>
      <object_component id="oc-4f5">
         <name>.common:CdcControl</name>
         <uninitialized>true</uninitialized>
         <run_address>0x25bc</run_address>
         <size>0x8</size>
      </object_component>
      <object_component id="oc-3c9">
         <name>.common:CdcWriteCtrl</name>
         <uninitialized>true</uninitialized>
         <run_address>0x25b2</run_address>
         <size>0xa</size>
      </object_component>
      <object_component id="oc-3f4">
         <name>.common:CdcReadCtrl</name>
         <uninitialized>true</uninitialized>
         <run_address>0x25a2</run_address>
         <size>0x10</size>
      </object_component>
      <object_component id="oc-421">
         <name>.common:USB_TX_memcpy</name>
         <uninitialized>true</uninitialized>
         <run_address>0x25d8</run_address>
         <size>0x4</size>
      </object_component>
      <object_component id="oc-422">
         <name>.common:USB_RX_memcpy</name>
         <uninitialized>true</uninitialized>
         <run_address>0x25d4</run_address>
         <size>0x4</size>
      </object_component>
      <object_component id="oc-554">
         <name>.common:bConfigurationNumber</name>
         <uninitialized>true</uninitialized>
         <run_address>0x25e8</run_address>
         <size>0x1</size>
      </object_component>
      <object_component id="oc-55f">
         <name>.common:bInterfaceNumber</name>
         <uninitialized>true</uninitialized>
         <run_address>0x25e9</run_address>
         <size>0x1</size>
      </object_component>
      <object_component id="oc-56f">
         <name>.common:pbIEP0Buffer</name>
         <uninitialized>true</uninitialized>
         <run_address>0x25dc</run_address>
         <size>0x2</size>
      </object_component>
      <object_component id="oc-573">
         <name>.common:pbOEP0Buffer</name>
         <uninitialized>true</uninitialized>
         <run_address>0x25de</run_address>
         <size>0x2</size>
      </object_component>
      <object_component id="oc-55c">
         <name>.common:bRemoteWakeup</name>
         <uninitialized>true</uninitialized>
         <run_address>0x25ea</run_address>
         <size>0x1</size>
      </object_component>
      <object_component id="oc-578">
         <name>.common:wBytesRemainingOnIEP0</name>
         <uninitialized>true</uninitialized>
         <run_address>0x25e2</run_address>
         <size>0x2</size>
      </object_component>
      <object_component id="oc-574">
         <name>.common:wBytesRemainingOnOEP0</name>
         <uninitialized>true</uninitialized>
         <run_address>0x25e4</run_address>
         <size>0x2</size>
      </object_component>
      <object_component id="oc-550">
         <name>.common:abUsbRequestReturnData</name>
         <uninitialized>true</uninitialized>
         <run_address>0x25cc</run_address>
         <size>0x8</size>
      </object_component>
      <object_component id="oc-500">
         <name>.common:abUsbRequestIncomingData</name>
         <uninitialized>true</uninitialized>
         <run_address>0x25c4</run_address>
         <size>0x8</size>
      </object_component>
      <object_component id="oc-52d">
         <name>.common:abramSerialStringDescriptor</name>
         <uninitialized>true</uninitialized>
         <run_address>0x2580</run_address>
         <size>0x22</size>
      </object_component>
      <object_component id="oc-579">
         <name>.common:bStatusAction</name>
         <uninitialized>true</uninitialized>
         <run_address>0x25eb</run_address>
         <size>0x1</size>
      </object_component>
      <object_component id="oc-377">
         <name>.common:wUsbEventMask</name>
         <uninitialized>true</uninitialized>
         <run_address>0x25e6</run_address>
         <size>0x2</size>
      </object_component>
      <object_component id="oc-131">
         <name>.common:rxByteCount</name>
         <uninitialized>true</uninitialized>
         <run_address>0x25e0</run_address>
         <size>0x2</size>
      </object_component>
      <object_component id="oc-120">
         <name>.common:buf_bcuartToUsb</name>
         <uninitialized>true</uninitialized>
         <run_address>0x2480</run_address>
         <size>0x80</size>
      </object_component>
      <object_component id="oc-130">
         <name>.common:buf_usbToBcuart</name>
         <uninitialized>true</uninitialized>
         <run_address>0x2500</run_address>
         <size>0x80</size>
      </object_component>
      <object_component id="oc-224">
         <name>.common:bcUartRcvBuf</name>
         <uninitialized>true</uninitialized>
         <run_address>0x2400</run_address>
         <size>0x80</size>
      </object_component>
      <object_component id="oc-ed">
         <name>.data</name>
         <load_address>0x25f2</load_address>
         <run_address>0x25f2</run_address>
         <size>0x3</size>
         <input_file_ref idref="fl-3d"/>
      </object_component>
      <object_component id="oc-25b">
         <name>.data</name>
         <load_address>0x25ec</load_address>
         <run_address>0x25ec</run_address>
         <size>0x6</size>
         <input_file_ref idref="fl-4"/>
      </object_component>
      <object_component id="oc-73">
         <name>.debug_info</name>
         <load_address>0x0</load_address>
         <run_address>0x0</run_address>
         <size>0x125</size>
         <input_file_ref idref="fl-6c"/>
      </object_component>
      <object_component id="oc-88">
         <name>.debug_info</name>
         <load_address>0x125</load_address>
         <run_address>0x125</run_address>
         <size>0x1b4</size>
         <input_file_ref idref="fl-6d"/>
      </object_component>
      <object_component id="oc-8d">
         <name>.debug_info</name>
         <load_address>0x2d9</load_address>
         <run_address>0x2d9</run_address>
         <size>0x183</size>
         <input_file_ref idref="fl-6f"/>
      </object_component>
      <object_component id="oc-94">
         <name>.debug_info</name>
         <load_address>0x45c</load_address>
         <run_address>0x45c</run_address>
         <size>0x1a7</size>
         <input_file_ref idref="fl-6e"/>
      </object_component>
      <object_component id="oc-98">
         <name>.debug_info</name>
         <load_address>0x603</load_address>
         <run_address>0x603</run_address>
         <size>0xaa</size>
         <input_file_ref idref="fl-6c"/>
      </object_component>
      <object_component id="oc-9d">
         <name>.debug_info</name>
         <load_address>0x6ad</load_address>
         <run_address>0x6ad</run_address>
         <size>0xc2</size>
         <input_file_ref idref="fl-8a"/>
      </object_component>
      <object_component id="oc-a3">
         <name>.debug_info</name>
         <load_address>0x76f</load_address>
         <run_address>0x76f</run_address>
         <size>0x20f</size>
         <input_file_ref idref="fl-3d"/>
      </object_component>
      <object_component id="oc-a7">
         <name>.debug_info</name>
         <load_address>0x97e</load_address>
         <run_address>0x97e</run_address>
         <size>0x23b</size>
         <input_file_ref idref="fl-3a"/>
      </object_component>
      <object_component id="oc-ad">
         <name>.debug_info</name>
         <load_address>0xbb9</load_address>
         <run_address>0xbb9</run_address>
         <size>0x176</size>
         <input_file_ref idref="fl-95"/>
      </object_component>
      <object_component id="oc-b3">
         <name>.debug_info</name>
         <load_address>0xd2f</load_address>
         <run_address>0xd2f</run_address>
         <size>0x2ba</size>
         <input_file_ref idref="fl-3b"/>
      </object_component>
      <object_component id="oc-ba">
         <name>.debug_info</name>
         <load_address>0xfe9</load_address>
         <run_address>0xfe9</run_address>
         <size>0xcc</size>
         <input_file_ref idref="fl-75"/>
      </object_component>
      <object_component id="oc-c0">
         <name>.debug_info</name>
         <load_address>0x10b5</load_address>
         <run_address>0x10b5</run_address>
         <size>0x471</size>
         <input_file_ref idref="fl-e"/>
      </object_component>
      <object_component id="oc-c6">
         <name>.debug_info</name>
         <load_address>0x1526</load_address>
         <run_address>0x1526</run_address>
         <size>0xcd</size>
         <input_file_ref idref="fl-70"/>
      </object_component>
      <object_component id="oc-cb">
         <name>.debug_info</name>
         <load_address>0x15f3</load_address>
         <run_address>0x15f3</run_address>
         <size>0x46</size>
         <input_file_ref idref="fl-6d"/>
      </object_component>
      <object_component id="oc-d0">
         <name>.debug_info</name>
         <load_address>0x1639</load_address>
         <run_address>0x1639</run_address>
         <size>0x184</size>
         <input_file_ref idref="fl-6d"/>
      </object_component>
      <object_component id="oc-d2">
         <name>.debug_info</name>
         <load_address>0x17bd</load_address>
         <run_address>0x17bd</run_address>
         <size>0x46</size>
         <input_file_ref idref="fl-6f"/>
      </object_component>
      <object_component id="oc-d7">
         <name>.debug_info</name>
         <load_address>0x1803</load_address>
         <run_address>0x1803</run_address>
         <size>0x17f</size>
         <input_file_ref idref="fl-6f"/>
      </object_component>
      <object_component id="oc-db">
         <name>.debug_info</name>
         <load_address>0x1982</load_address>
         <run_address>0x1982</run_address>
         <size>0x266</size>
         <input_file_ref idref="fl-6e"/>
      </object_component>
      <object_component id="oc-df">
         <name>.debug_info</name>
         <load_address>0x1be8</load_address>
         <run_address>0x1be8</run_address>
         <size>0x189</size>
         <input_file_ref idref="fl-6e"/>
      </object_component>
      <object_component id="oc-e0">
         <name>.debug_info</name>
         <load_address>0x1d71</load_address>
         <run_address>0x1d71</run_address>
         <size>0x39</size>
         <input_file_ref idref="fl-6e"/>
      </object_component>
      <object_component id="oc-e7">
         <name>.debug_info</name>
         <load_address>0x1daa</load_address>
         <run_address>0x1daa</run_address>
         <size>0x84</size>
         <input_file_ref idref="fl-2"/>
      </object_component>
      <object_component id="oc-ee">
         <name>.debug_info</name>
         <load_address>0x1e2e</load_address>
         <run_address>0x1e2e</run_address>
         <size>0x18f</size>
         <input_file_ref idref="fl-3d"/>
      </object_component>
      <object_component id="oc-f1">
         <name>.debug_info</name>
         <load_address>0x1fbd</load_address>
         <run_address>0x1fbd</run_address>
         <size>0x35e</size>
         <input_file_ref idref="fl-3d"/>
      </object_component>
      <object_component id="oc-f6">
         <name>.debug_info</name>
         <load_address>0x231b</load_address>
         <run_address>0x231b</run_address>
         <size>0x2e0</size>
         <input_file_ref idref="fl-95"/>
      </object_component>
      <object_component id="oc-f8">
         <name>.debug_info</name>
         <load_address>0x25fb</load_address>
         <run_address>0x25fb</run_address>
         <size>0x324</size>
         <input_file_ref idref="fl-25"/>
      </object_component>
      <object_component id="oc-100">
         <name>.debug_info</name>
         <load_address>0x291f</load_address>
         <run_address>0x291f</run_address>
         <size>0x205</size>
         <input_file_ref idref="fl-3c"/>
      </object_component>
      <object_component id="oc-104">
         <name>.debug_info</name>
         <load_address>0x2b24</load_address>
         <run_address>0x2b24</run_address>
         <size>0x2b7</size>
         <input_file_ref idref="fl-3c"/>
      </object_component>
      <object_component id="oc-10a">
         <name>.debug_info</name>
         <load_address>0x2ddb</load_address>
         <run_address>0x2ddb</run_address>
         <size>0x210</size>
         <input_file_ref idref="fl-3d"/>
      </object_component>
      <object_component id="oc-110">
         <name>.debug_info</name>
         <load_address>0x2feb</load_address>
         <run_address>0x2feb</run_address>
         <size>0x35b</size>
         <input_file_ref idref="fl-4"/>
      </object_component>
      <object_component id="oc-116">
         <name>.debug_info</name>
         <load_address>0x3346</load_address>
         <run_address>0x3346</run_address>
         <size>0x492</size>
         <input_file_ref idref="fl-3b"/>
      </object_component>
      <object_component id="oc-119">
         <name>.debug_info</name>
         <load_address>0x37d8</load_address>
         <run_address>0x37d8</run_address>
         <size>0x273</size>
         <input_file_ref idref="fl-3d"/>
      </object_component>
      <object_component id="oc-122">
         <name>.debug_info</name>
         <load_address>0x3a4b</load_address>
         <run_address>0x3a4b</run_address>
         <size>0x3a6</size>
         <input_file_ref idref="fl-c"/>
      </object_component>
      <object_component id="oc-12a">
         <name>.debug_info</name>
         <load_address>0x3df1</load_address>
         <run_address>0x3df1</run_address>
         <size>0x381</size>
         <input_file_ref idref="fl-c"/>
      </object_component>
      <object_component id="oc-133">
         <name>.debug_info</name>
         <load_address>0x4172</load_address>
         <run_address>0x4172</run_address>
         <size>0x25a</size>
         <input_file_ref idref="fl-3d"/>
      </object_component>
      <object_component id="oc-13b">
         <name>.debug_info</name>
         <load_address>0x43cc</load_address>
         <run_address>0x43cc</run_address>
         <size>0x2de</size>
         <input_file_ref idref="fl-e"/>
      </object_component>
      <object_component id="oc-141">
         <name>.debug_info</name>
         <load_address>0x46aa</load_address>
         <run_address>0x46aa</run_address>
         <size>0xc45</size>
         <input_file_ref idref="fl-4"/>
      </object_component>
      <object_component id="oc-144">
         <name>.debug_info</name>
         <load_address>0x52ef</load_address>
         <run_address>0x52ef</run_address>
         <size>0x25e</size>
         <input_file_ref idref="fl-b"/>
      </object_component>
      <object_component id="oc-14b">
         <name>.debug_info</name>
         <load_address>0x554d</load_address>
         <run_address>0x554d</run_address>
         <size>0x2ba</size>
         <input_file_ref idref="fl-e"/>
      </object_component>
      <object_component id="oc-151">
         <name>.debug_info</name>
         <load_address>0x5807</load_address>
         <run_address>0x5807</run_address>
         <size>0x293</size>
         <input_file_ref idref="fl-b"/>
      </object_component>
      <object_component id="oc-157">
         <name>.debug_info</name>
         <load_address>0x5a9a</load_address>
         <run_address>0x5a9a</run_address>
         <size>0x2ba</size>
         <input_file_ref idref="fl-e"/>
      </object_component>
      <object_component id="oc-15e">
         <name>.debug_info</name>
         <load_address>0x5d54</load_address>
         <run_address>0x5d54</run_address>
         <size>0x262</size>
         <input_file_ref idref="fl-b"/>
      </object_component>
      <object_component id="oc-164">
         <name>.debug_info</name>
         <load_address>0x5fb6</load_address>
         <run_address>0x5fb6</run_address>
         <size>0x266</size>
         <input_file_ref idref="fl-e"/>
      </object_component>
      <object_component id="oc-16a">
         <name>.debug_info</name>
         <load_address>0x621c</load_address>
         <run_address>0x621c</run_address>
         <size>0x2a1</size>
         <input_file_ref idref="fl-e"/>
      </object_component>
      <object_component id="oc-170">
         <name>.debug_info</name>
         <load_address>0x64bd</load_address>
         <run_address>0x64bd</run_address>
         <size>0x28c</size>
         <input_file_ref idref="fl-4"/>
      </object_component>
      <object_component id="oc-177">
         <name>.debug_info</name>
         <load_address>0x6749</load_address>
         <run_address>0x6749</run_address>
         <size>0x25e</size>
         <input_file_ref idref="fl-b"/>
      </object_component>
      <object_component id="oc-17d">
         <name>.debug_info</name>
         <load_address>0x69a7</load_address>
         <run_address>0x69a7</run_address>
         <size>0x25a</size>
         <input_file_ref idref="fl-4"/>
      </object_component>
      <object_component id="oc-184">
         <name>.debug_info</name>
         <load_address>0x6c01</load_address>
         <run_address>0x6c01</run_address>
         <size>0x262</size>
         <input_file_ref idref="fl-b"/>
      </object_component>
      <object_component id="oc-18a">
         <name>.debug_info</name>
         <load_address>0x6e63</load_address>
         <run_address>0x6e63</run_address>
         <size>0x258</size>
         <input_file_ref idref="fl-4"/>
      </object_component>
      <object_component id="oc-191">
         <name>.debug_info</name>
         <load_address>0x70bb</load_address>
         <run_address>0x70bb</run_address>
         <size>0x260</size>
[...]
      <symbol id="sm-69e">
         <name>USB_handleEnumCompleteEvent</name>
         <value>0x73d6</value>
         <object_component_ref idref="oc-555"/>
      </symbol>
      <symbol id="sm-69f">
         <name>USBCDC_handleSendCompleted</name>
         <value>0x737a</value>
         <object_component_ref idref="oc-2a2"/>
      </symbol>
      <symbol id="sm-6a0">
         <name>USB_handleVbusOffEvent</name>
         <value>0x73e6</value>
         <object_component_ref idref="oc-15d"/>
      </symbol>
      <symbol id="sm-6a1">
         <name>USBCDC_handleSetLineCoding</name>
         <value>0x71cc</value>
         <object_component_ref idref="oc-3bf"/>
      </symbol>
      <symbol id="sm-6a2">
         <name>USB_handleResumeEvent</name>
         <value>0x73de</value>
         <object_component_ref idref="oc-190"/>
      </symbol>
      <symbol id="sm-6a3">
         <name>USB_handleClockEvent</name>
         <value>0x73d2</value>
         <object_component_ref idref="oc-143"/>
      </symbol>
      <symbol id="sm-6c3">
         <name>cdcReceiveDataInBuffer</name>
         <value>0x6204</value>
         <object_component_ref idref="oc-128"/>
      </symbol>
      <symbol id="sm-6c4">
         <name>cdcSendDataInBackground</name>
         <value>0x6164</value>
         <object_component_ref idref="oc-121"/>
      </symbol>
      <symbol id="sm-6e2">
         <name>abromConfigurationDescriptorGroup</name>
         <value>0x75d2</value>
         <object_component_ref idref="oc-527"/>
      </symbol>
      <symbol id="sm-6e3">
         <name>tUsbRequestList</name>
         <value>0x73ee</value>
         <object_component_ref idref="oc-379"/>
      </symbol>
      <symbol id="sm-6e4">
         <name>abromDeviceDescriptor</name>
         <value>0x7636</value>
         <object_component_ref idref="oc-522"/>
      </symbol>
      <symbol id="sm-6e5">
         <name>abromStringDescriptor</name>
         <value>0x74f8</value>
         <object_component_ref idref="oc-52e"/>
      </symbol>
      <symbol id="sm-6e6">
         <name>stUsbHandle</name>
         <value>0x7648</value>
         <object_component_ref idref="oc-27d"/>
      </symbol>
      <symbol id="sm-73d">
         <name>IEP0InterruptHandler</name>
         <value>0x7148</value>
         <object_component_ref idref="oc-163"/>
      </symbol>
      <symbol id="sm-73e">
         <name>OEP0InterruptHandler</name>
         <value>0x6e6c</value>
         <object_component_ref idref="oc-169"/>
      </symbol>
      <symbol id="sm-73f">
         <name>__TI_int51</name>
         <value>0xffe6</value>
         <object_component_ref idref="oc-79"/>
      </symbol>
      <symbol id="sm-740">
         <name>PWRVBUSonHandler</name>
         <value>0x67f2</value>
         <object_component_ref idref="oc-149"/>
      </symbol>
      <symbol id="sm-741">
         <name>SetupPacketInterruptHandler</name>
         <value>0x6982</value>
         <object_component_ref idref="oc-13a"/>
      </symbol>
      <symbol id="sm-742">
         <name>PWRVBUSoffHandler</name>
         <value>0x64ac</value>
         <object_component_ref idref="oc-156"/>
      </symbol>
      <symbol id="sm-743">
         <name>iUsbInterruptHandler</name>
         <value>0x4400</value>
         <object_component_ref idref="oc-bf"/>
      </symbol>
      <symbol id="sm-795">
         <name>UCS_XT2StartWithTimeout</name>
         <value>0x65a8</value>
         <object_component_ref idref="oc-323"/>
      </symbol>
      <symbol id="sm-796">
         <name>UCS_initFLLSettle</name>
         <value>0x69de</value>
         <object_component_ref idref="oc-1f6"/>
      </symbol>
      <symbol id="sm-797">
         <name>UCS_clockSignalInit</name>
         <value>0x52a0</value>
         <object_component_ref idref="oc-1e6"/>
      </symbol>
      <symbol id="sm-798">
         <name>UCS_XT2Off</name>
         <value>0x7180</value>
         <object_component_ref idref="oc-288"/>
      </symbol>
      <symbol id="sm-799">
         <name>UCS_initFLL</name>
         <value>0x513a</value>
         <object_component_ref idref="oc-2fe"/>
      </symbol>
      <symbol id="sm-7ac">
         <name>TLV_getInfo</name>
         <value>0x652a</value>
         <object_component_ref idref="oc-3fc"/>
      </symbol>
      <symbol id="sm-7de">
         <name>PMM_setVCore</name>
         <value>0x63a8</value>
         <object_component_ref idref="oc-f7"/>
      </symbol>
      <symbol id="sm-7df">
         <name>PMM_setVCoreDown</name>
         <value>0x5524</value>
         <object_component_ref idref="oc-1d9"/>
      </symbol>
      <symbol id="sm-7e0">
         <name>PMM_setVCoreUp</name>
         <value>0x4fbc</value>
         <object_component_ref idref="oc-1d3"/>
      </symbol>
      <symbol id="sm-80b">
         <name>GPIO_setAsPeripheralModuleFunctionOutputPin</name>
         <value>0x5a16</value>
         <object_component_ref idref="oc-31d"/>
      </symbol>
      <symbol id="sm-85d">
         <name>DMA_setSrcAddress</name>
         <value>0x6926</value>
         <object_component_ref idref="oc-4b6"/>
      </symbol>
      <symbol id="sm-85e">
         <name>DMA_disableTransferDuringReadModifyWrite</name>
         <value>0x722c</value>
         <object_component_ref idref="oc-4b0"/>
      </symbol>
      <symbol id="sm-85f">
         <name>DMA_setDstAddress</name>
         <value>0x68c6</value>
         <object_component_ref idref="oc-4bc"/>
      </symbol>
      <symbol id="sm-860">
         <name>DMA_enableTransfers</name>
         <value>0x705e</value>
         <object_component_ref idref="oc-4ce"/>
      </symbol>
      <symbol id="sm-861">
         <name>DMA_disableTransfers</name>
         <value>0x7038</value>
         <object_component_ref idref="oc-4e0"/>
      </symbol>
      <symbol id="sm-862">
         <name>DMA_startTransfer</name>
         <value>0x7084</value>
         <object_component_ref idref="oc-4d4"/>
      </symbol>
      <symbol id="sm-863">
         <name>DMA_setTransferSize</name>
         <value>0x70ca</value>
         <object_component_ref idref="oc-4c8"/>
      </symbol>
      <symbol id="sm-864">
         <name>DMA_getInterruptStatus</name>
         <value>0x70a8</value>
         <object_component_ref idref="oc-4da"/>
      </symbol>
      <symbol id="sm-865">
         <name>DMA_enableTransferDuringReadModifyWrite</name>
         <value>0x7242</value>
         <object_component_ref idref="oc-4c2"/>
      </symbol>
      <symbol id="sm-866">
         <name>DMA_init</name>
         <value>0x60c4</value>
         <object_component_ref idref="oc-415"/>
      </symbol>
      <symbol id="sm-876">
         <name>_system_pre_init</name>
         <value>0x7392</value>
         <object_component_ref idref="oc-a6"/>
      </symbol>
      <symbol id="sm-885">
         <name>rxByteCount</name>
         <value>0x25e0</value>
      </symbol>
      <symbol id="sm-886">
         <name>buf_bcuartToUsb</name>
         <value>0x2480</value>
      </symbol>
      <symbol id="sm-887">
         <name>buf_usbToBcuart</name>
         <value>0x2500</value>
      </symbol>
      <symbol id="sm-888">
         <name>main</name>
         <value>0x6324</value>
         <object_component_ref idref="oc-b2"/>
      </symbol>
      <symbol id="sm-898">
         <name>initPorts</name>
         <value>0x6cf0</value>
         <object_component_ref idref="oc-fd"/>
      </symbol>
      <symbol id="sm-899">
         <name>initClocks</name>
         <value>0x642a</value>
         <object_component_ref idref="oc-103"/>
      </symbol>
      <symbol id="sm-8c7">
         <name>bcUartRcvBuf</name>
         <value>0x2400</value>
      </symbol>
      <symbol id="sm-8c8">
         <name>__TI_int46</name>
         <value>0xffdc</value>
         <object_component_ref idref="oc-6e"/>
      </symbol>
      <symbol id="sm-8c9">
         <name>bcUartInit</name>
         <value>0x700e</value>
         <object_component_ref idref="oc-109"/>
      </symbol>
      <symbol id="sm-8ca">
         <name>bcUartRcvBufIndex</name>
         <value>0x25f2</value>
         <object_component_ref idref="oc-ed"/>
      </symbol>
      <symbol id="sm-8cb">
         <name>bcUartReceiveBytesInBuffer</name>
         <value>0x6b86</value>
         <object_component_ref idref="oc-118"/>
      </symbol>
      <symbol id="sm-8cc">
         <name>bcUartSend</name>
         <value>0x6cac</value>
         <object_component_ref idref="oc-132"/>
      </symbol>
      <symbol id="sm-8cd">
         <name>bcUartRxThreshReached</name>
         <value>0x25f4</value>
         <object_component_ref idref="oc-ed"/>
      </symbol>
      <symbol id="sm-8ce">
         <name>bcUartISR</name>
         <value>0x45b0</value>
         <object_component_ref idref="oc-a0"/>
      </symbol>
      <symbol id="sm-8de">
         <name>_c_int00_noexit</name>
         <value>0x45d8</value>
         <object_component_ref idref="oc-72"/>
      </symbol>
      <symbol id="sm-8df">
         <name>_c_int00</name>
         <value>0x45d8</value>
         <object_component_ref idref="oc-72"/>
      </symbol>
      <symbol id="sm-8e0">
         <name>_stack</name>
         <value>0x4360</value>
         <object_component_ref idref="oc-97"/>
      </symbol>
      <symbol id="sm-8e1">
         <name>_reset_vector</name>
         <value>0xfffe</value>
         <object_component_ref idref="oc-9a"/>
      </symbol>
      <symbol id="sm-8f2">
         <name>__TI_decompress_none</name>
         <value>0x6ea8</value>
         <object_component_ref idref="oc-85"/>
      </symbol>
      <symbol id="sm-916">
         <name>__TI_decompress_rle24</name>
         <value>0x731c</value>
         <object_component_ref idref="oc-91"/>
      </symbol>
      <symbol id="sm-929">
         <name>__TI_zero_init</name>
         <value>0x6db2</value>
         <object_component_ref idref="oc-8b"/>
      </symbol>
      <symbol id="sm-934">
         <name>__memcpy_far</name>
         <value>0x6d72</value>
         <object_component_ref idref="oc-c5"/>
      </symbol>
      <symbol id="sm-945">
         <name>__mspabi_remul</name>
         <value>0x6a36</value>
         <object_component_ref idref="oc-1ec"/>
      </symbol>
      <symbol id="sm-946">
         <name>__mspabi_divul</name>
         <value>0x6a36</value>
         <object_component_ref idref="oc-1ec"/>
      </symbol>
      <symbol id="sm-950">
         <name>C$$EXIT</name>
         <value>0x73ea</value>
         <object_component_ref idref="oc-b8"/>
      </symbol>
      <symbol id="sm-951">
         <name>abort</name>
         <value>0x73ea</value>
         <object_component_ref idref="oc-b8"/>
      </symbol>
      <symbol id="sm-954">
         <name>__TI_int41</name>
         <value>0xffd2</value>
         <object_component_ref idref="oc-69"/>
      </symbol>
      <symbol id="sm-957">
         <name>__TI_int42</name>
         <value>0xffd4</value>
         <object_component_ref idref="oc-6a"/>
      </symbol>
      <symbol id="sm-95a">
         <name>__TI_int43</name>
         <value>0xffd6</value>
         <object_component_ref idref="oc-6b"/>
      </symbol>
      <symbol id="sm-95d">
         <name>__TI_int44</name>
         <value>0xffd8</value>
         <object_component_ref idref="oc-6c"/>
      </symbol>
      <symbol id="sm-960">
         <name>__TI_int45</name>
         <value>0xffda</value>
         <object_component_ref idref="oc-6d"/>
      </symbol>
      <symbol id="sm-963">
         <name>__TI_int47</name>
         <value>0xffde</value>
         <object_component_ref idref="oc-6f"/>
      </symbol>
      <symbol id="sm-966">
         <name>__TI_int48</name>
         <value>0xffe0</value>
         <object_component_ref idref="oc-70"/>
      </symbol>
      <symbol id="sm-969">
         <name>__TI_int49</name>
         <value>0xffe2</value>
         <object_component_ref idref="oc-71"/>
      </symbol>
      <symbol id="sm-96c">
         <name>__TI_int50</name>
         <value>0xffe4</value>
         <object_component_ref idref="oc-78"/>
      </symbol>
      <symbol id="sm-96f">
         <name>__TI_int52</name>
         <value>0xffe8</value>
         <object_component_ref idref="oc-7a"/>
      </symbol>
      <symbol id="sm-972">
         <name>__TI_int53</name>
         <value>0xffea</value>
         <object_component_ref idref="oc-7b"/>
      </symbol>
      <symbol id="sm-975">
         <name>__TI_int54</name>
         <value>0xffec</value>
         <object_component_ref idref="oc-7c"/>
      </symbol>
      <symbol id="sm-978">
         <name>__TI_int55</name>
         <value>0xffee</value>
         <object_component_ref idref="oc-7d"/>
      </symbol>
      <symbol id="sm-97b">
         <name>__TI_int56</name>
         <value>0xfff0</value>
         <object_component_ref idref="oc-7e"/>
      </symbol>
      <symbol id="sm-97e">
         <name>__TI_int57</name>
         <value>0xfff2</value>
         <object_component_ref idref="oc-7f"/>
      </symbol>
      <symbol id="sm-981">
         <name>__TI_int58</name>
         <value>0xfff4</value>
         <object_component_ref idref="oc-80"/>
      </symbol>
      <symbol id="sm-984">
         <name>__TI_int59</name>
         <value>0xfff6</value>
         <object_component_ref idref="oc-81"/>
      </symbol>
      <symbol id="sm-987">
         <name>__TI_int60</name>
         <value>0xfff8</value>
         <object_component_ref idref="oc-82"/>
      </symbol>
      <symbol id="sm-98a">
         <name>__TI_int61</name>
         <value>0xfffa</value>
         <object_component_ref idref="oc-83"/>
      </symbol>
      <symbol id="sm-98d">
         <name>__TI_int62</name>
         <value>0xfffc</value>
         <object_component_ref idref="oc-84"/>
      </symbol>
      <symbol id="sm-995">
         <name>__TI_ISR_TRAP</name>
         <value>0x73c0</value>
         <object_component_ref idref="oc-9b"/>
      </symbol>
      <symbol id="sm-99e">
         <name>__mspabi_slli</name>
         <value>0x739c</value>
         <object_component_ref idref="oc-342"/>
      </symbol>
      <symbol id="sm-9a6">
         <name>__mspabi_slll_9</name>
         <value>0x6e08</value>
         <object_component_ref idref="oc-3b3"/>
      </symbol>
      <symbol id="sm-9a7">
         <name>__mspabi_slll_8</name>
         <value>0x6e0c</value>
         <object_component_ref idref="oc-3b3"/>
      </symbol>
      <symbol id="sm-9a8">
         <name>__mspabi_slll_7</name>
         <value>0x6e10</value>
         <object_component_ref idref="oc-3b3"/>
      </symbol>
      <symbol id="sm-9a9">
         <name>__mspabi_slll_6</name>
         <value>0x6e14</value>
         <object_component_ref idref="oc-3b3"/>
      </symbol>
      <symbol id="sm-9aa">
         <name>__mspabi_slll_5</name>
         <value>0x6e18</value>
         <object_component_ref idref="oc-3b3"/>
      </symbol>
      <symbol id="sm-9ab">
         <name>__mspabi_slll_4</name>
         <value>0x6e1c</value>
         <object_component_ref idref="oc-3b3"/>
      </symbol>
      <symbol id="sm-9ac">
         <name>__mspabi_slll_3</name>
         <value>0x6e20</value>
         <object_component_ref idref="oc-3b3"/>
      </symbol>
      <symbol id="sm-9ad">
         <name>__mspabi_slll_2</name>
         <value>0x6e24</value>
         <object_component_ref idref="oc-3b3"/>
      </symbol>
      <symbol id="sm-9ae">
         <name>__mspabi_slll_1</name>
         <value>0x6e28</value>
         <object_component_ref idref="oc-3b3"/>
      </symbol>
      <symbol id="sm-9af">
         <name>__mspabi_slll_15</name>
         <value>0x6df0</value>
         <object_component_ref idref="oc-3b3"/>
      </symbol>
      <symbol id="sm-9b0">
         <name>__mspabi_slll_14</name>
         <value>0x6df4</value>
         <object_component_ref idref="oc-3b3"/>
      </symbol>
      <symbol id="sm-9b1">
         <name>__mspabi_slll_13</name>
         <value>0x6df8</value>
         <object_component_ref idref="oc-3b3"/>
      </symbol>
      <symbol id="sm-9b2">
         <name>__mspabi_slll_12</name>
         <value>0x6dfc</value>
         <object_component_ref idref="oc-3b3"/>
      </symbol>
      <symbol id="sm-9b3">
         <name>__mspabi_slll_11</name>
         <value>0x6e00</value>
         <object_component_ref idref="oc-3b3"/>
      </symbol>
      <symbol id="sm-9b4">
         <name>__mspabi_slll_10</name>
         <value>0x6e04</value>
         <object_component_ref idref="oc-3b3"/>
      </symbol>
      <symbol id="sm-9bd">
         <name>__mspabi_srli</name>
         <value>0x73a6</value>
         <object_component_ref idref="oc-382"/>
      </symbol>
      <symbol id="sm-9c5">
         <name>__mspabi_srll_8</name>
         <value>0x6e4a</value>
         <object_component_ref idref="oc-1f1"/>
      </symbol>
      <symbol id="sm-9c6">
         <name>__mspabi_srll_9</name>
         <value>0x6e46</value>
         <object_component_ref idref="oc-1f1"/>
      </symbol>
      <symbol id="sm-9c7">
         <name>__mspabi_srll_6</name>
         <value>0x6e52</value>
         <object_component_ref idref="oc-1f1"/>
      </symbol>
      <symbol id="sm-9c8">
         <name>__mspabi_srll_7</name>
         <value>0x6e4e</value>
         <object_component_ref idref="oc-1f1"/>
      </symbol>
      <symbol id="sm-9c9">
         <name>__mspabi_srll_4</name>
         <value>0x6e5a</value>
         <object_component_ref idref="oc-1f1"/>
      </symbol>
      <symbol id="sm-9ca">
         <name>__mspabi_srll_5</name>
         <value>0x6e56</value>
         <object_component_ref idref="oc-1f1"/>
      </symbol>
      <symbol id="sm-9cb">
         <name>__mspabi_srll_2</name>
         <value>0x6e62</value>
         <object_component_ref idref="oc-1f1"/>
      </symbol>
      <symbol id="sm-9cc">
         <name>__mspabi_srll_3</name>
         <value>0x6e5e</value>
         <object_component_ref idref="oc-1f1"/>
      </symbol>
      <symbol id="sm-9cd">
         <name>__mspabi_srll_1</name>
         <value>0x6e66</value>
         <object_component_ref idref="oc-1f1"/>
      </symbol>
      <symbol id="sm-9ce">
         <name>__mspabi_srll_15</name>
         <value>0x6e2e</value>
         <object_component_ref idref="oc-1f1"/>
      </symbol>
      <symbol id="sm-9cf">
         <name>__mspabi_srll_14</name>
         <value>0x6e32</value>
         <object_component_ref idref="oc-1f1"/>
      </symbol>
      <symbol id="sm-9d0">
         <name>__mspabi_srll_13</name>
         <value>0x6e36</value>
         <object_component_ref idref="oc-1f1"/>
      </symbol>
      <symbol id="sm-9d1">
         <name>__mspabi_srll_12</name>
         <value>0x6e3a</value>
         <object_component_ref idref="oc-1f1"/>
      </symbol>
      <symbol id="sm-9d2">
         <name>__mspabi_srll_11</name>
         <value>0x6e3e</value>
         <object_component_ref idref="oc-1f1"/>
      </symbol>
      <symbol id="sm-9d3">
         <name>__mspabi_srll_10</name>
         <value>0x6e42</value>
         <object_component_ref idref="oc-1f1"/>
      </symbol>
      <symbol id="sm-9e1">
         <name>memset</name>
         <value>0x72ae</value>
         <object_component_ref idref="oc-3ca"/>
      </symbol>
      <symbol id="sm-9ea">
         <name>__mspabi_mpyi_f5hw</name>
         <value>0x7258</value>
         <object_component_ref idref="oc-292"/>
      </symbol>
      <symbol id="sm-a03">
         <name>_auto_init</name>
         <value>0x6714</value>
         <object_component_ref idref="oc-ac"/>
      </symbol>
      <symbol id="sm-a04">
         <name>__TI_exit</name>
         <value>0x1</value>
      </symbol>
      <symbol id="sm-a05">
         <name>__TI_args_main</name>
         <value>0x1</value>
      </symbol>
      <symbol id="sm-a06">
         <name>__TI_INITARRAY_Base</name>
         <value>0x0</value>
      </symbol>
      <symbol id="sm-a07">
         <name>__TI_INITARRAY_Limit</name>
         <value>0x0</value>
      </symbol>
   </symbol_table>
   <title>Link successful</title>
</link_info>
