<?xml version="1.0"?>
<link_info>
   <banner>MSP430 Linker PC v4.2.1</banner>
   <copyright>Copyright (c) 2003-2013 Texas Instruments Incorporated</copyright>
   <link_time>0x532ef832</link_time>
   <link_errors>0x0</link_errors>
   <output_file>simpleUsbBackchannel.out</output_file>
   <entry_point>
      <name>_c_int00</name>
      <address>0x45d8</address>
   </entry_point>
   <input_file_list>
      <input_file id="fl-2">
         <path>.\USB_API\USB_CDC_API\</path>
         <kind>object</kind>
         <file>UsbCdc.obj</file>
         <name>UsbCdc.obj</name>
      </input_file>
      <input_file id="fl-3">
         <path>.\USB_API\USB_Common\</path>
         <kind>object</kind>
         <file>usbdma.obj</file>
         <name>usbdma.obj</name>
      </input_file>
      <input_file id="fl-4">
         <path>.\USB_API\USB_Common\</path>
         <kind>object</kind>
         <file>usb.obj</file>
         <name>usb.obj</name>
      </input_file>
      <input_file id="fl-5">
         <path>.\USB_API\USB_HID_API\</path>
         <kind>object</kind>
         <file>UsbHidReq.obj</file>
         <name>UsbHidReq.obj</name>
      </input_file>
      <input_file id="fl-6">
         <path>.\USB_API\USB_HID_API\</path>
         <kind>object</kind>
         <file>UsbHid.obj</file>
         <name>UsbHid.obj</name>
      </input_file>
      <input_file id="fl-7">
         <path>.\USB_API\USB_MSC_API\</path>
         <kind>object</kind>
         <file>UsbMscStateMachine.obj</file>
         <name>UsbMscStateMachine.obj</name>
      </input_file>
      <input_file id="fl-8">
         <path>.\USB_API\USB_MSC_API\</path>
         <kind>object</kind>
         <file>UsbMscScsi.obj</file>
         <name>UsbMscScsi.obj</name>
      </input_file>
      <input_file id="fl-9">
         <path>.\USB_API\USB_MSC_API\</path>
         <kind>object</kind>
         <file>UsbMscReq.obj</file>
         <name>UsbMscReq.obj</name>
      </input_file>
      <input_file id="fl-a">
         <path>.\USB_API\USB_PHDC_API\</path>
         <kind>object</kind>
         <file>UsbPHDC.obj</file>
         <name>UsbPHDC.obj</name>
      </input_file>
      <input_file id="fl-b">
         <path>.\USB_app\</path>
         <kind>object</kind>
         <file>usbEventHandling.obj</file>
         <name>usbEventHandling.obj</name>
      </input_file>
      <input_file id="fl-c">
         <path>.\USB_app\</path>
         <kind>object</kind>
         <file>usbConstructs.obj</file>
         <name>usbConstructs.obj</name>
      </input_file>
      <input_file id="fl-d">
         <path>.\USB_config\</path>
         <kind>object</kind>
         <file>descriptors.obj</file>
         <name>descriptors.obj</name>
      </input_file>
      <input_file id="fl-e">
         <path>.\USB_config\</path>
         <kind>object</kind>
         <file>UsbIsr.obj</file>
         <name>UsbIsr.obj</name>
      </input_file>
      <input_file id="fl-f">
         <path>.\driverlib\MSP430F5xx_6xx\</path>
         <kind>object</kind>
         <file>wdt_a.obj</file>
         <name>wdt_a.obj</name>
      </input_file>
      <input_file id="fl-10">
         <path>.\driverlib\MSP430F5xx_6xx\</path>
         <kind>object</kind>
         <file>usci_uart.obj</file>
         <name>usci_uart.obj</name>
      </input_file>
      <input_file id="fl-11">
         <path>.\driverlib\MSP430F5xx_6xx\</path>
         <kind>object</kind>
         <file>usci_spi.obj</file>
         <name>usci_spi.obj</name>
      </input_file>
      <input_file id="fl-12">
         <path>.\driverlib\MSP430F5xx_6xx\</path>
         <kind>object</kind>
         <file>usci_i2c.obj</file>
         <name>usci_i2c.obj</name>
      </input_file>
      <input_file id="fl-13">
         <path>.\driverlib\MSP430F5xx_6xx\</path>
         <kind>object</kind>
         <file>usci_b_spi.obj</file>
         <name>usci_b_spi.obj</name>
      </input_file>
      <input_file id="fl-14">
         <path>.\driverlib\MSP430F5xx_6xx\</path>
         <kind>object</kind>
         <file>usci_b_i2c.obj</file>
         <name>usci_b_i2c.obj</name>
      </input_file>
      <input_file id="fl-15">
         <path>.\driverlib\MSP430F5xx_6xx\</path>
         <kind>object</kind>
         <file>usci_a_uart.obj</file>
         <name>usci_a_uart.obj</name>
      </input_file>
      <input_file id="fl-16">
         <path>.\driverlib\MSP430F5xx_6xx\</path>
         <kind>object</kind>
         <file>usci_a_spi.obj</file>
         <name>usci_a_spi.obj</name>
      </input_file>
      <input_file id="fl-17">
         <path>.\driverlib\MSP430F5xx_6xx\</path>
         <kind>object</kind>
         <file>ucs.obj</file>
         <name>ucs.obj</name>
      </input_file>
      <input_file id="fl-18">
         <path>.\driverlib\MSP430F5xx_6xx\</path>
         <kind>object</kind>
         <file>tlv.obj</file>
         <name>tlv.obj</name>
      </input_file>
      <input_file id="fl-19">
         <path>.\driverlib\MSP430F5xx_6xx\</path>
         <kind>object</kind>
         <file>timer_d.obj</file>
         <name>timer_d.obj</name>
      </input_file>
      <input_file id="fl-1a">
         <path>.\driverlib\MSP430F5xx_6xx\</path>
         <kind>object</kind>
         <file>timer_b.obj</file>
         <name>timer_b.obj</name>
      </input_file>
      <input_file id="fl-1b">
         <path>.\driverlib\MSP430F5xx_6xx\</path>
         <kind>object</kind>
         <file>timer_a.obj</file>
         <name>timer_a.obj</name>
      </input_file>
      <input_file id="fl-1c">
         <path>.\driverlib\MSP430F5xx_6xx\</path>
         <kind>object</kind>
         <file>tec.obj</file>
         <name>tec.obj</name>
      </input_file>
      <input_file id="fl-1d">
         <path>.\driverlib\MSP430F5xx_6xx\</path>
         <kind>object</kind>
         <file>sys.obj</file>
         <name>sys.obj</name>
      </input_file>
      <input_file id="fl-1e">
         <path>.\driverlib\MSP430F5xx_6xx\</path>
         <kind>object</kind>
         <file>sfr.obj</file>
         <name>sfr.obj</name>
      </input_file>
      <input_file id="fl-1f">
         <path>.\driverlib\MSP430F5xx_6xx\</path>
         <kind>object</kind>
         <file>sd24_b.obj</file>
         <name>sd24_b.obj</name>
      </input_file>
      <input_file id="fl-20">
         <path>.\driverlib\MSP430F5xx_6xx\</path>
         <kind>object</kind>
         <file>rtc_c.obj</file>
         <name>rtc_c.obj</name>
      </input_file>
      <input_file id="fl-21">
         <path>.\driverlib\MSP430F5xx_6xx\</path>
         <kind>object</kind>
         <file>rtc_b.obj</file>
         <name>rtc_b.obj</name>
      </input_file>
      <input_file id="fl-22">
         <path>.\driverlib\MSP430F5xx_6xx\</path>
         <kind>object</kind>
         <file>rtc_a.obj</file>
         <name>rtc_a.obj</name>
      </input_file>
      <input_file id="fl-23">
         <path>.\driverlib\MSP430F5xx_6xx\</path>
         <kind>object</kind>
         <file>ref.obj</file>
         <name>ref.obj</name>
      </input_file>
      <input_file id="fl-24">
         <path>.\driverlib\MSP430F5xx_6xx\</path>
         <kind>object</kind>
         <file>ram.obj</file>
         <name>ram.obj</name>
      </input_file>
      <input_file id="fl-25">
         <path>.\driverlib\MSP430F5xx_6xx\</path>
         <kind>object</kind>
         <file>pmm.obj</file>
         <name>pmm.obj</name>
      </input_file>
      <input_file id="fl-26">
         <path>.\driverlib\MSP430F5xx_6xx\</path>
         <kind>object</kind>
         <file>pmap.obj</file>
         <name>pmap.obj</name>
      </input_file>
      <input_file id="fl-27">
         <path>.\driverlib\MSP430F5xx_6xx\</path>
         <kind>object</kind>
         <file>mpy32.obj</file>
         <name>mpy32.obj</name>
      </input_file>
      <input_file id="fl-28">
         <path>.\driverlib\MSP430F5xx_6xx\</path>
         <kind>object</kind>
         <file>ldopwr.obj</file>
         <name>ldopwr.obj</name>
      </input_file>
      <input_file id="fl-29">
         <path>.\driverlib\MSP430F5xx_6xx\</path>
         <kind>object</kind>
         <file>gpio.obj</file>
         <name>gpio.obj</name>
      </input_file>
      <input_file id="fl-2a">
         <path>.\driverlib\MSP430F5xx_6xx\</path>
         <kind>object</kind>
         <file>flash.obj</file>
         <name>flash.obj</name>
      </input_file>
      <input_file id="fl-2b">
         <path>.\driverlib\MSP430F5xx_6xx\</path>
         <kind>object</kind>
         <file>eusci_uart.obj</file>
         <name>eusci_uart.obj</name>
      </input_file>
      <input_file id="fl-2c">
         <path>.\driverlib\MSP430F5xx_6xx\</path>
         <kind>object</kind>
         <file>eusci_spi.obj</file>
         <name>eusci_spi.obj</name>
      </input_file>
      <input_file id="fl-2d">
         <path>.\driverlib\MSP430F5xx_6xx\</path>
         <kind>object</kind>
         <file>eusci_i2c.obj</file>
         <name>eusci_i2c.obj</name>
      </input_file>
      <input_file id="fl-2e">
         <path>.\driverlib\MSP430F5xx_6xx\</path>
         <kind>object</kind>
         <file>eusci_b_spi.obj</file>
         <name>eusci_b_spi.obj</name>
      </input_file>
      <input_file id="fl-2f">
         <path>.\driverlib\MSP430F5xx_6xx\</path>
         <kind>object</kind>
         <file>eusci_b_i2c.obj</file>
         <name>eusci_b_i2c.obj</name>
      </input_file>
      <input_file id="fl-30">
         <path>.\driverlib\MSP430F5xx_6xx\</path>
         <kind>object</kind>
         <file>eusci_a_uart.obj</file>
         <name>eusci_a_uart.obj</name>
      </input_file>
      <input_file id="fl-31">
         <path>.\driverlib\MSP430F5xx_6xx\</path>
         <kind>object</kind>
         <file>eusci_a_spi.obj</file>
         <name>eusci_a_spi.obj</name>
      </input_file>
      <input_file id="fl-32">
         <path>.\driverlib\MSP430F5xx_6xx\</path>
         <kind>object</kind>
         <file>dma.obj</file>
         <name>dma.obj</name>
      </input_file>
      <input_file id="fl-33">
         <path>.\driverlib\MSP430F5xx_6xx\</path>
         <kind>object</kind>
         <file>dac12_a.obj</file>
         <name>dac12_a.obj</name>
      </input_file>
      <input_file id="fl-34">
         <path>.\driverlib\MSP430F5xx_6xx\</path>
         <kind>object</kind>
         <file>crc.obj</file>
         <name>crc.obj</name>
      </input_file>
      <input_file id="fl-35">
         <path>.\driverlib\MSP430F5xx_6xx\</path>
         <kind>object</kind>
         <file>comp_b.obj</file>
         <name>comp_b.obj</name>
      </input_file>
      <input_file id="fl-36">
         <path>.\driverlib\MSP430F5xx_6xx\</path>
         <kind>object</kind>
         <file>bak_batt.obj</file>
         <name>bak_batt.obj</name>
      </input_file>
      <input_file id="fl-37">
         <path>.\driverlib\MSP430F5xx_6xx\</path>
         <kind>object</kind>
         <file>aes.obj</file>
         <name>aes.obj</name>
      </input_file>
      <input_file id="fl-38">
         <path>.\driverlib\MSP430F5xx_6xx\</path>
         <kind>object</kind>
         <file>adc12_a.obj</file>
         <name>adc12_a.obj</name>
      </input_file>
      <input_file id="fl-39">
         <path>.\driverlib\MSP430F5xx_6xx\</path>
         <kind>object</kind>
         <file>adc10_a.obj</file>
         <name>adc10_a.obj</name>
      </input_file>
      <input_file id="fl-3a">
         <path>.\</path>
         <kind>object</kind>
         <file>system_pre_init.obj</file>
         <name>system_pre_init.obj</name>
      </input_file>
      <input_file id="fl-3b">
         <path>.\</path>
         <kind>object</kind>
         <file>main.obj</file>
         <name>main.obj</name>
      </input_file>
      <input_file id="fl-3c">
         <path>.\</path>
         <kind>object</kind>
         <file>hal.obj</file>
         <name>hal.obj</name>
      </input_file>
      <input_file id="fl-3d">
         <path>.\</path>
         <kind>object</kind>
         <file>BCUart.obj</file>
         <name>BCUart.obj</name>
      </input_file>
      <input_file id="fl-58">
         <path>C:\ti\ccsv5\tools\compiler\msp430_4.2.1\lib\</path>
         <kind>archive</kind>
         <file>rts430x_lc_sd_eabi.lib</file>
         <name>boot.obj</name>
      </input_file>
      <input_file id="fl-59">
         <path>C:\ti\ccsv5\tools\compiler\msp430_4.2.1\lib\</path>
         <kind>archive</kind>
         <file>rts430x_lc_sd_eabi.lib</file>
         <name>copy_decompress_none.obj</name>
      </input_file>
      <input_file id="fl-5a">
         <path>C:\ti\ccsv5\tools\compiler\msp430_4.2.1\lib\</path>
         <kind>archive</kind>
         <file>rts430x_lc_sd_eabi.lib</file>
         <name>copy_decompress_rle.obj</name>
      </input_file>
      <input_file id="fl-5b">
         <path>C:\ti\ccsv5\tools\compiler\msp430_4.2.1\lib\</path>
         <kind>archive</kind>
         <file>rts430x_lc_sd_eabi.lib</file>
         <name>copy_zero_init.obj</name>
      </input_file>
      <input_file id="fl-5c">
         <path>C:\ti\ccsv5\tools\compiler\msp430_4.2.1\lib\</path>
         <kind>archive</kind>
         <file>rts430x_lc_sd_eabi.lib</file>
         <name>cpy_util.obj</name>
      </input_file>
      <input_file id="fl-5d">
         <path>C:\ti\ccsv5\tools\compiler\msp430_4.2.1\lib\</path>
         <kind>archive</kind>
         <file>rts430x_lc_sd_eabi.lib</file>
         <name>div16s.obj</name>
      </input_file>
      <input_file id="fl-5e">
         <path>C:\ti\ccsv5\tools\compiler\msp430_4.2.1\lib\</path>
         <kind>archive</kind>
         <file>rts430x_lc_sd_eabi.lib</file>
         <name>div16u.obj</name>
      </input_file>
      <input_file id="fl-5f">
         <path>C:\ti\ccsv5\tools\compiler\msp430_4.2.1\lib\</path>
         <kind>archive</kind>
         <file>rts430x_lc_sd_eabi.lib</file>
         <name>div32s.obj</name>
      </input_file>
      <input_file id="fl-60">
         <path>C:\ti\ccsv5\tools\compiler\msp430_4.2.1\lib\</path>
         <kind>archive</kind>
         <file>rts430x_lc_sd_eabi.lib</file>
         <name>div32u.obj</name>
      </input_file>
      <input_file id="fl-61">
         <path>C:\ti\ccsv5\tools\compiler\msp430_4.2.1\lib\</path>
         <kind>archive</kind>
         <file>rts430x_lc_sd_eabi.lib</file>
         <name>exit.obj</name>
      </input_file>
      <input_file id="fl-62">
         <path>C:\ti\ccsv5\tools\compiler\msp430_4.2.1\lib\</path>
         <kind>archive</kind>
         <file>rts430x_lc_sd_eabi.lib</file>
         <name>int41.obj</name>
      </input_file>
      <input_file id="fl-63">
         <path>C:\ti\ccsv5\tools\compiler\msp430_4.2.1\lib\</path>
         <kind>archive</kind>
         <file>rts430x_lc_sd_eabi.lib</file>
         <name>int42.obj</name>
      </input_file>
      <input_file id="fl-64">
         <path>C:\ti\ccsv5\tools\compiler\msp430_4.2.1\lib\</path>
         <kind>archive</kind>
         <file>rts430x_lc_sd_eabi.lib</file>
         <name>int43.obj</name>
      </input_file>
      <input_file id="fl-65">
         <path>C:\ti\ccsv5\tools\compiler\msp430_4.2.1\lib\</path>
         <kind>archive</kind>
         <file>rts430x_lc_sd_eabi.lib</file>
         <name>int44.obj</name>
      </input_file>
      <input_file id="fl-66">
         <path>C:\ti\ccsv5\tools\compiler\msp430_4.2.1\lib\</path>
         <kind>archive</kind>
         <file>rts430x_lc_sd_eabi.lib</file>
         <name>int45.obj</name>
      </input_file>
      <input_file id="fl-67">
         <path>C:\ti\ccsv5\tools\compiler\msp430_4.2.1\lib\</path>
         <kind>archive</kind>
         <file>rts430x_lc_sd_eabi.lib</file>
         <name>int47.obj</name>
      </input_file>
      <input_file id="fl-68">
         <path>C:\ti\ccsv5\tools\compiler\msp430_4.2.1\lib\</path>
         <kind>archive</kind>
         <file>rts430x_lc_sd_eabi.lib</file>
         <name>int48.obj</name>
      </input_file>
      <input_file id="fl-69">
         <path>C:\ti\ccsv5\tools\compiler\msp430_4.2.1\lib\</path>
         <kind>archive</kind>
         <file>rts430x_lc_sd_eabi.lib</file>
         <name>int49.obj</name>
      </input_file>
      <input_file id="fl-6a">
         <path>C:\ti\ccsv5\tools\compiler\msp430_4.2.1\lib\</path>
         <kind>archive</kind>
         <file>rts430x_lc_sd_eabi.lib</file>
         <name>int50.obj</name>
      </input_file>
      <input_file id="fl-6b">
         <path>C:\ti\ccsv5\tools\compiler\msp430_4.2.1\lib\</path>
         <kind>archive</kind>
         <file>rts430x_lc_sd_eabi.lib</file>
         <name>int52.obj</name>
      </input_file>
      <input_file id="fl-6c">
         <path>C:\ti\ccsv5\tools\compiler\msp430_4.2.1\lib\</path>
         <kind>archive</kind>
         <file>rts430x_lc_sd_eabi.lib</file>
         <name>int53.obj</name>
      </input_file>
      <input_file id="fl-6d">
         <path>C:\ti\ccsv5\tools\compiler\msp430_4.2.1\lib\</path>
         <kind>archive</kind>
         <file>rts430x_lc_sd_eabi.lib</file>
         <name>int54.obj</name>
      </input_file>
      <input_file id="fl-6e">
         <path>C:\ti\ccsv5\tools\compiler\msp430_4.2.1\lib\</path>
         <kind>archive</kind>
         <file>rts430x_lc_sd_eabi.lib</file>
         <name>int55.obj</name>
      </input_file>
      <input_file id="fl-6f">
         <path>C:\ti\ccsv5\tools\compiler\msp430_4.2.1\lib\</path>
         <kind>archive</kind>
         <file>rts430x_lc_sd_eabi.lib</file>
         <name>int56.obj</name>
      </input_file>
      <input_file id="fl-70">
         <path>C:\ti\ccsv5\tools\compiler\msp430_4.2.1\lib\</path>
         <kind>archive</kind>
         <file>rts430x_lc_sd_eabi.lib</file>
         <name>int57.obj</name>
      </input_file>
      <input_file id="fl-71">
         <path>C:\ti\ccsv5\tools\compiler\msp430_4.2.1\lib\</path>
         <kind>archive</kind>
         <file>rts430x_lc_sd_eabi.lib</file>
         <name>int58.obj</name>
      </input_file>
      <input_file id="fl-72">
         <path>C:\ti\ccsv5\tools\compiler\msp430_4.2.1\lib\</path>
         <kind>archive</kind>
         <file>rts430x_lc_sd_eabi.lib</file>
         <name>int59.obj</name>
      </input_file>
      <input_file id="fl-73">
         <path>C:\ti\ccsv5\tools\compiler\msp430_4.2.1\lib\</path>
         <kind>archive</kind>
         <file>rts430x_lc_sd_eabi.lib</file>
         <name>int60.obj</name>
      </input_file>
      <input_file id="fl-74">
         <path>C:\ti\ccsv5\tools\compiler\msp430_4.2.1\lib\</path>
         <kind>archive</kind>
         <file>rts430x_lc_sd_eabi.lib</file>
         <name>int61.obj</name>
      </input_file>
      <input_file id="fl-75">
         <path>C:\ti\ccsv5\tools\compiler\msp430_4.2.1\lib\</path>
         <kind>archive</kind>
         <file>rts430x_lc_sd_eabi.lib</file>
         <name>int62.obj</name>
      </input_file>
      <input_file id="fl-76">
         <path>C:\ti\ccsv5\tools\compiler\msp430_4.2.1\lib\</path>
         <kind>archive</kind>
         <file>rts430x_lc_sd_eabi.lib</file>
         <name>isr_trap.obj</name>
      </input_file>
      <input_file id="fl-77">
         <path>C:\ti\ccsv5\tools\compiler\msp430_4.2.1\lib\</path>
         <kind>archive</kind>
         <file>rts430x_lc_sd_eabi.lib</file>
         <name>lsl16.obj</name>
      </input_file>
      <input_file id="fl-78">
         <path>C:\ti\ccsv5\tools\compiler\msp430_4.2.1\lib\</path>
         <kind>archive</kind>
         <file>rts430x_lc_sd_eabi.lib</file>
         <name>lsl32.obj</name>
      </input_file>
      <input_file id="fl-79">
         <path>C:\ti\ccsv5\tools\compiler\msp430_4.2.1\lib\</path>
         <kind>archive</kind>
         <file>rts430x_lc_sd_eabi.lib</file>
         <name>lsr16.obj</name>
      </input_file>
      <input_file id="fl-7a">
         <path>C:\ti\ccsv5\tools\compiler\msp430_4.2.1\lib\</path>
         <kind>archive</kind>
         <file>rts430x_lc_sd_eabi.lib</file>
         <name>lsr32.obj</name>
      </input_file>
      <input_file id="fl-7b">
         <path>C:\ti\ccsv5\tools\compiler\msp430_4.2.1\lib\</path>
         <kind>archive</kind>
         <file>rts430x_lc_sd_eabi.lib</file>
         <name>memcpy.obj</name>
      </input_file>
      <input_file id="fl-7c">
         <path>C:\ti\ccsv5\tools\compiler\msp430_4.2.1\lib\</path>
         <kind>archive</kind>
         <file>rts430x_lc_sd_eabi.lib</file>
         <name>memset.obj</name>
      </input_file>
      <input_file id="fl-7d">
         <path>C:\ti\ccsv5\tools\compiler\msp430_4.2.1\lib\</path>
         <kind>archive</kind>
         <file>rts430x_lc_sd_eabi.lib</file>
         <name>mult16_f5hw.obj</name>
      </input_file>
      <input_file id="fl-7e">
         <path>C:\ti\ccsv5\tools\compiler\msp430_4.2.1\lib\</path>
         <kind>archive</kind>
         <file>rts430x_lc_sd_eabi.lib</file>
         <name>mult32_f5hw.obj</name>
      </input_file>
      <input_file id="fl-7f">
         <path>C:\ti\ccsv5\tools\compiler\msp430_4.2.1\lib\</path>
         <kind>archive</kind>
         <file>rts430x_lc_sd_eabi.lib</file>
         <name>_lock.obj</name>
      </input_file>
      <input_file id="fl-80">
         <path>C:\ti\ccsv5\tools\compiler\msp430_4.2.1\lib\</path>
         <kind>archive</kind>
         <file>rts430x_lc_sd_eabi.lib</file>
         <name>args_main.obj</name>
      </input_file>
      <input_file id="fl-81">
         <path>C:\ti\ccsv5\tools\compiler\msp430_4.2.1\lib\</path>
         <kind>archive</kind>
         <file>rts430x_lc_sd_eabi.lib</file>
         <name>autoinit.obj</name>
      </input_file>
   </input_file_list>
   <object_component_list>
      <object_component id="oc-93">
         <name>.stack</name>
         <uninitialized>true</uninitialized>
         <run_address>0x4360</run_address>
         <size>0x2</size>
         <input_file_ref idref="fl-58"/>
      </object_component>
      <object_component id="oc-566">
         <name>.stack</name>
         <uninitialized>true</uninitialized>
         <run_address>0x4360</run_address>
         <size>0x0</size>
      </object_component>
      <object_component id="oc-1f9">
         <name>.text:USBCDC_receiveData</name>
         <load_address>0x45f2</load_address>
         <run_address>0x45f2</run_address>
         <size>0x38c</size>
         <input_file_ref idref="fl-2"/>
      </object_component>
      <object_component id="oc-16d">
         <name>.text:CdcToHostFromBuffer</name>
         <load_address>0x497e</load_address>
         <run_address>0x497e</run_address>
         <size>0x2e0</size>
         <input_file_ref idref="fl-2"/>
      </object_component>
      <object_component id="oc-14c">
         <name>.text:USB_reset</name>
         <load_address>0x4c5e</load_address>
         <run_address>0x4c5e</run_address>
         <size>0x1c4</size>
         <input_file_ref idref="fl-4"/>
      </object_component>
      <object_component id="oc-182">
         <name>.text:CdcToBufferFromHost</name>
         <load_address>0x4e22</load_address>
         <run_address>0x4e22</run_address>
         <size>0x19a</size>
         <input_file_ref idref="fl-2"/>
      </object_component>
      <object_component id="oc-1a5">
         <name>.text:PMM_setVCoreUp</name>
         <load_address>0x4fbc</load_address>
         <run_address>0x4fbc</run_address>
         <size>0x17e</size>
         <input_file_ref idref="fl-25"/>
      </object_component>
      <object_component id="oc-2b1">
         <name>.text:UCS_initFLL</name>
         <load_address>0x513a</load_address>
         <run_address>0x513a</run_address>
         <size>0x164</size>
         <input_file_ref idref="fl-17"/>
      </object_component>
      <object_component id="oc-1b6">
         <name>.text:UCS_clockSignalInit</name>
         <load_address>0x529e</load_address>
         <run_address>0x529e</run_address>
         <size>0x14a</size>
         <input_file_ref idref="fl-17"/>
      </object_component>
      <object_component id="oc-2be">
         <name>.text:USB_InitSerialStringDescriptor</name>
         <load_address>0x53e8</load_address>
         <run_address>0x53e8</run_address>
         <size>0x13a</size>
         <input_file_ref idref="fl-4"/>
      </object_component>
      <object_component id="oc-1aa">
         <name>.text:PMM_setVCoreDown</name>
         <load_address>0x5522</load_address>
         <run_address>0x5522</run_address>
         <size>0x112</size>
         <input_file_ref idref="fl-25"/>
      </object_component>
      <object_component id="oc-3c3">
         <name>.text:privateGPIOGetBaseAddress</name>
         <load_address>0x5634</load_address>
         <run_address>0x5634</run_address>
         <size>0x106</size>
         <input_file_ref idref="fl-29"/>
      </object_component>
      <object_component id="oc-1ed">
         <name>.text:USBCDC_intfStatus</name>
         <load_address>0x573a</load_address>
         <run_address>0x573a</run_address>
         <size>0xfc</size>
         <input_file_ref idref="fl-2"/>
      </object_component>
      <object_component id="oc-1d9">
         <name>.text:USB_enable</name>
         <load_address>0x5836</load_address>
         <run_address>0x5836</run_address>
         <size>0xf2</size>
         <input_file_ref idref="fl-4"/>
      </object_component>
      <object_component id="oc-202">
         <name>.text:usbDecodeAndProcessUsbRequest</name>
         <load_address>0x5928</load_address>
         <run_address>0x5928</run_address>
         <size>0xea</size>
         <input_file_ref idref="fl-4"/>
      </object_component>
      <object_component id="oc-2cc">
         <name>.text:GPIO_setAsPeripheralModuleFunctionOutputPin</name>
         <load_address>0x5a12</load_address>
         <run_address>0x5a12</run_address>
         <size>0xd8</size>
         <input_file_ref idref="fl-29"/>
      </object_component>
      <object_component id="oc-cb">
         <name>.text:__TI_decompress_rle_core</name>
         <load_address>0x5aea</load_address>
         <run_address>0x5aea</run_address>
         <size>0xd8</size>
         <input_file_ref idref="fl-5a"/>
      </object_component>
      <object_component id="oc-295">
         <name>.text:CopyUsbToBuff</name>
         <load_address>0x5bc2</load_address>
         <run_address>0x5bc2</run_address>
         <size>0xd6</size>
         <input_file_ref idref="fl-2"/>
      </object_component>
      <object_component id="oc-215">
         <name>.text:USB_determineFreq</name>
         <load_address>0x5c98</load_address>
         <run_address>0x5c98</run_address>
         <size>0xba</size>
         <input_file_ref idref="fl-4"/>
      </object_component>
      <object_component id="oc-1f2">
         <name>.text:USBCDC_sendData</name>
         <load_address>0x5d52</load_address>
         <run_address>0x5d52</run_address>
         <size>0xb8</size>
         <input_file_ref idref="fl-2"/>
      </object_component>
      <object_component id="oc-177">
         <name>.text:USBCDC_bytesInUSBBuffer</name>
         <load_address>0x5e0a</load_address>
         <run_address>0x5e0a</run_address>
         <size>0xb6</size>
         <input_file_ref idref="fl-2"/>
      </object_component>
      <object_component id="oc-1ca">
         <name>.text:USB_init</name>
         <load_address>0x5ec0</load_address>
         <run_address>0x5ec0</run_address>
         <size>0xac</size>
         <input_file_ref idref="fl-4"/>
      </object_component>
      <object_component id="oc-3bb">
         <name>.text:memcpyDMA</name>
         <load_address>0x5f6c</load_address>
         <run_address>0x5f6c</run_address>
         <size>0xac</size>
         <input_file_ref idref="fl-3"/>
      </object_component>
      <object_component id="oc-409">
         <name>.text:usbGetEndpointStatus</name>
         <load_address>0x6018</load_address>
         <run_address>0x6018</run_address>
         <size>0xaa</size>
         <input_file_ref idref="fl-4"/>
      </object_component>
      <object_component id="oc-3b6">
         <name>.text:DMA_init</name>
         <load_address>0x60c2</load_address>
         <run_address>0x60c2</run_address>
         <size>0xa2</size>
         <input_file_ref idref="fl-32"/>
      </object_component>
      <object_component id="oc-10a">
         <name>.text:cdcSendDataInBackground</name>
         <load_address>0x6164</load_address>
         <run_address>0x6164</run_address>
         <size>0xa0</size>
         <input_file_ref idref="fl-c"/>
      </object_component>
      <object_component id="oc-110">
         <name>.text:cdcReceiveDataInBuffer</name>
         <load_address>0x6204</load_address>
         <run_address>0x6204</run_address>
         <size>0x92</size>
         <input_file_ref idref="fl-c"/>
      </object_component>
      <object_component id="oc-3cd">
         <name>.text:usbGetLineCoding</name>
         <load_address>0x6296</load_address>
         <run_address>0x6296</run_address>
         <size>0x8a</size>
         <input_file_ref idref="fl-2"/>
      </object_component>
      <object_component id="oc-f1">
         <name>.text:initClocks</name>
         <load_address>0x6320</load_address>
         <run_address>0x6320</run_address>
         <size>0x82</size>
         <input_file_ref idref="fl-3c"/>
      </object_component>
      <object_component id="oc-a9">
         <name>.text:main</name>
         <load_address>0x63a2</load_address>
         <run_address>0x63a2</run_address>
         <size>0x82</size>
         <input_file_ref idref="fl-3b"/>
      </object_component>
      <object_component id="oc-137">
         <name>.text:PWRVBUSoffHandler</name>
         <load_address>0x6424</load_address>
         <run_address>0x6424</run_address>
         <size>0x7e</size>
         <input_file_ref idref="fl-e"/>
      </object_component>
      <object_component id="oc-39f">
         <name>.text:TLV_getInfo</name>
         <load_address>0x64a2</load_address>
         <run_address>0x64a2</run_address>
         <size>0x7e</size>
         <input_file_ref idref="fl-18"/>
      </object_component>
      <object_component id="oc-2d1">
         <name>.text:UCS_XT2StartWithTimeout</name>
         <load_address>0x6520</load_address>
         <run_address>0x6520</run_address>
         <size>0x7e</size>
         <input_file_ref idref="fl-17"/>
      </object_component>
      <object_component id="oc-222">
         <name>.text:usbSendNextPacketOnIEP0</name>
         <load_address>0x659e</load_address>
         <run_address>0x659e</run_address>
         <size>0x7e</size>
         <input_file_ref idref="fl-4"/>
      </object_component>
      <object_component id="oc-22f">
         <name>.text:Handler_SetLineCoding</name>
         <load_address>0x661c</load_address>
         <run_address>0x661c</run_address>
         <size>0x72</size>
         <input_file_ref idref="fl-2"/>
      </object_component>
      <object_component id="oc-e7">
         <name>.text:PMM_setVCore</name>
         <load_address>0x668e</load_address>
         <run_address>0x668e</run_address>
         <size>0x72</size>
         <input_file_ref idref="fl-25"/>
      </object_component>
      <object_component id="oc-a4">
         <name>.text:_auto_init</name>
         <load_address>0x6700</load_address>
         <run_address>0x6700</run_address>
         <size>0x70</size>
         <input_file_ref idref="fl-81"/>
      </object_component>
      <object_component id="oc-3f5">
         <name>.text:usbGetStringDescriptor</name>
         <load_address>0x6770</load_address>
         <run_address>0x6770</run_address>
         <size>0x6e</size>
         <input_file_ref idref="fl-4"/>
      </object_component>
      <object_component id="oc-12c">
         <name>.text:PWRVBUSonHandler</name>
         <load_address>0x67de</load_address>
         <run_address>0x67de</run_address>
         <size>0x6c</size>
         <input_file_ref idref="fl-e"/>
      </object_component>
      <object_component id="oc-229">
         <name>.text:usbReceiveNextPacketOnOEP0</name>
         <load_address>0x684a</load_address>
         <run_address>0x684a</run_address>
         <size>0x68</size>
         <input_file_ref idref="fl-4"/>
      </object_component>
      <object_component id="oc-445">
         <name>.text:DMA_setDstAddress</name>
         <load_address>0x68b2</load_address>
         <run_address>0x68b2</run_address>
         <size>0x60</size>
         <input_file_ref idref="fl-32"/>
      </object_component>
      <object_component id="oc-440">
         <name>.text:DMA_setSrcAddress</name>
         <load_address>0x6912</load_address>
         <run_address>0x6912</run_address>
         <size>0x5c</size>
         <input_file_ref idref="fl-32"/>
      </object_component>
      <object_component id="oc-120">
         <name>.text:SetupPacketInterruptHandler</name>
         <load_address>0x696e</load_address>
         <run_address>0x696e</run_address>
         <size>0x5c</size>
         <input_file_ref idref="fl-e"/>
      </object_component>
      <object_component id="oc-1c3">
         <name>.text:UCS_initFLLSettle</name>
         <load_address>0x69ca</load_address>
         <run_address>0x69ca</run_address>
         <size>0x58</size>
         <input_file_ref idref="fl-17"/>
      </object_component>
      <object_component id="oc-1bb">
         <name>.text</name>
         <load_address>0x6a22</load_address>
         <run_address>0x6a22</run_address>
         <size>0x58</size>
         <input_file_ref idref="fl-60"/>
      </object_component>
      <object_component id="oc-41d">
         <name>.text:usbSetEndpointFeature</name>
         <load_address>0x6a7a</load_address>
         <run_address>0x6a7a</run_address>
         <size>0x56</size>
         <input_file_ref idref="fl-4"/>
      </object_component>
      <object_component id="oc-3e1">
         <name>.text:usbClearEndpointFeature</name>
         <load_address>0x6ad0</load_address>
         <run_address>0x6ad0</run_address>
         <size>0x54</size>
         <input_file_ref idref="fl-4"/>
      </object_component>
      <object_component id="oc-2c3">
         <name>.text:USB_initMemcpy</name>
         <load_address>0x6b24</load_address>
         <run_address>0x6b24</run_address>
         <size>0x4e</size>
         <input_file_ref idref="fl-3"/>
      </object_component>
      <object_component id="oc-102">
         <name>.text:bcUartReceiveBytesInBuffer</name>
         <load_address>0x6b72</load_address>
         <run_address>0x6b72</run_address>
         <size>0x4e</size>
         <input_file_ref idref="fl-3d"/>
      </object_component>
      <object_component id="oc-23d">
         <name>.text:CdcResetData</name>
         <load_address>0x6bc0</load_address>
         <run_address>0x6bc0</run_address>
         <size>0x4a</size>
         <input_file_ref idref="fl-2"/>
      </object_component>
      <object_component id="oc-3af">
         <name>.text:memcpyV</name>
         <load_address>0x6c0a</load_address>
         <run_address>0x6c0a</run_address>
         <size>0x48</size>
         <input_file_ref idref="fl-3"/>
      </object_component>
      <object_component id="oc-fb">
         <name>.text:USB_setup</name>
         <load_address>0x6c52</load_address>
         <run_address>0x6c52</run_address>
         <size>0x46</size>
         <input_file_ref idref="fl-4"/>
      </object_component>
      <object_component id="oc-119">
         <name>.text:bcUartSend</name>
         <load_address>0x6c98</load_address>
         <run_address>0x6c98</run_address>
         <size>0x44</size>
         <input_file_ref idref="fl-3d"/>
      </object_component>
      <object_component id="oc-ec">
         <name>.text:initPorts</name>
         <load_address>0x6cdc</load_address>
         <run_address>0x6cdc</run_address>
         <size>0x42</size>
         <input_file_ref idref="fl-3c"/>
      </object_component>
      <object_component id="oc-1d4">
         <name>.text:USB_connectionInfo</name>
         <load_address>0x6d1e</load_address>
         <run_address>0x6d1e</run_address>
         <size>0x40</size>
         <input_file_ref idref="fl-4"/>
      </object_component>
      <object_component id="oc-b9">
         <name>.text:__memcpy_far</name>
         <load_address>0x6d5e</load_address>
         <run_address>0x6d5e</run_address>
         <size>0x40</size>
         <input_file_ref idref="fl-5c"/>
      </object_component>
      <object_component id="oc-89">
         <name>.text:decompress:ZI:__TI_zero_init</name>
         <load_address>0x6d9e</load_address>
         <run_address>0x6d9e</run_address>
         <size>0x3e</size>
         <input_file_ref idref="fl-5b"/>
      </object_component>
      <object_component id="oc-359">
         <name>.text:l_lsl_const</name>
         <load_address>0x6ddc</load_address>
         <run_address>0x6ddc</run_address>
         <size>0x3e</size>
         <input_file_ref idref="fl-78"/>
      </object_component>
      <object_component id="oc-1bf">
         <name>.text:l_lsr_const</name>
         <load_address>0x6e1a</load_address>
         <run_address>0x6e1a</run_address>
         <size>0x3e</size>
         <input_file_ref idref="fl-7a"/>
      </object_component>
      <object_component id="oc-147">
         <name>.text:OEP0InterruptHandler</name>
         <load_address>0x6e58</load_address>
         <run_address>0x6e58</run_address>
         <size>0x3c</size>
         <input_file_ref idref="fl-e"/>
      </object_component>
      <object_component id="oc-84">
         <name>.text:decompress:none:__TI_decompress_none</name>
         <load_address>0x6e94</load_address>
         <run_address>0x6e94</run_address>
         <size>0x3c</size>
         <input_file_ref idref="fl-59"/>
      </object_component>
      <object_component id="oc-157">
         <name>.text:USB_suspend</name>
         <load_address>0x6ed0</load_address>
         <run_address>0x6ed0</run_address>
         <size>0x38</size>
         <input_file_ref idref="fl-4"/>
      </object_component>
      <object_component id="oc-413">
         <name>.text:usbSetConfiguration</name>
         <load_address>0x6f08</load_address>
         <run_address>0x6f08</run_address>
         <size>0x32</size>
         <input_file_ref idref="fl-4"/>
      </object_component>
      <object_component id="oc-2d8">
         <name>.text:usbDisableInEndpointInterrupt</name>
         <load_address>0x6f3a</load_address>
         <run_address>0x6f3a</run_address>
         <size>0x30</size>
         <input_file_ref idref="fl-4"/>
      </object_component>
      <object_component id="oc-279">
         <name>.text:usbDisableOutEndpointInterrupt</name>
         <load_address>0x6f6a</load_address>
         <run_address>0x6f6a</run_address>
         <size>0x30</size>
         <input_file_ref idref="fl-4"/>
      </object_component>
      <object_component id="oc-3ff">
         <name>.text:usbGetDeviceStatus</name>
         <load_address>0x6f9a</load_address>
         <run_address>0x6f9a</run_address>
         <size>0x30</size>
         <input_file_ref idref="fl-4"/>
      </object_component>
      <object_component id="oc-47b">
         <name>.text:usbSendDataPacketOnEP0</name>
         <load_address>0x6fca</load_address>
         <run_address>0x6fca</run_address>
         <size>0x30</size>
         <input_file_ref idref="fl-4"/>
      </object_component>
      <object_component id="oc-f6">
         <name>.text:bcUartInit</name>
         <load_address>0x6ffa</load_address>
         <run_address>0x6ffa</run_address>
         <size>0x2a</size>
         <input_file_ref idref="fl-3d"/>
      </object_component>
      <object_component id="oc-463">
         <name>.text:DMA_disableTransfers</name>
         <load_address>0x7024</load_address>
         <run_address>0x7024</run_address>
         <size>0x26</size>
         <input_file_ref idref="fl-32"/>
      </object_component>
      <object_component id="oc-454">
         <name>.text:DMA_enableTransfers</name>
         <load_address>0x704a</load_address>
         <run_address>0x704a</run_address>
         <size>0x26</size>
         <input_file_ref idref="fl-32"/>
      </object_component>
      <object_component id="oc-459">
         <name>.text:DMA_startTransfer</name>
         <load_address>0x7070</load_address>
         <run_address>0x7070</run_address>
         <size>0x24</size>
         <input_file_ref idref="fl-32"/>
      </object_component>
      <object_component id="oc-45e">
         <name>.text:DMA_getInterruptStatus</name>
         <load_address>0x7094</load_address>
         <run_address>0x7094</run_address>
         <size>0x22</size>
         <input_file_ref idref="fl-32"/>
      </object_component>
      <object_component id="oc-44f">
         <name>.text:DMA_setTransferSize</name>
         <load_address>0x70b6</load_address>
         <run_address>0x70b6</run_address>
         <size>0x22</size>
         <input_file_ref idref="fl-32"/>
      </object_component>
      <object_component id="oc-40e">
         <name>.text:usbSetAddress</name>
         <load_address>0x70d8</load_address>
         <run_address>0x70d8</run_address>
         <size>0x20</size>
         <input_file_ref idref="fl-4"/>
      </object_component>
      <object_component id="oc-3fa">
         <name>.text:usbGetInterface</name>
         <load_address>0x70f8</load_address>
         <run_address>0x70f8</run_address>
         <size>0x1e</size>
         <input_file_ref idref="fl-4"/>
      </object_component>
      <object_component id="oc-404">
         <name>.text:usbGetInterfaceStatus</name>
         <load_address>0x7116</load_address>
         <run_address>0x7116</run_address>
         <size>0x1e</size>
         <input_file_ref idref="fl-4"/>
      </object_component>
      <object_component id="oc-142">
         <name>.text:IEP0InterruptHandler</name>
         <load_address>0x7134</load_address>
         <run_address>0x7134</run_address>
         <size>0x1c</size>
         <input_file_ref idref="fl-e"/>
      </object_component>
      <object_component id="oc-482">
         <name>.text:usbReceiveDataPacketOnEP0</name>
         <load_address>0x7150</load_address>
         <run_address>0x7150</run_address>
         <size>0x1c</size>
         <input_file_ref idref="fl-4"/>
      </object_component>
      <object_component id="oc-244">
         <name>.text:UCS_XT2Off</name>
         <load_address>0x716c</load_address>
         <run_address>0x716c</run_address>
         <size>0x1a</size>
         <input_file_ref idref="fl-17"/>
      </object_component>
      <object_component id="oc-1de">
         <name>.text:USB_connect</name>
         <load_address>0x7186</load_address>
         <run_address>0x7186</run_address>
         <size>0x1a</size>
         <input_file_ref idref="fl-4"/>
      </object_component>
      <object_component id="oc-172">
         <name>.text:CdcIsReceiveInProgress</name>
         <load_address>0x71a0</load_address>
         <run_address>0x71a0</run_address>
         <size>0x18</size>
         <input_file_ref idref="fl-2"/>
      </object_component>
      <object_component id="oc-364">
         <name>.text:USBCDC_handleSetLineCoding</name>
         <load_address>0x71b8</load_address>
         <run_address>0x71b8</run_address>
         <size>0x18</size>
         <input_file_ref idref="fl-b"/>
      </object_component>
      <object_component id="oc-162">
         <name>.text:USB_resume</name>
         <load_address>0x71d0</load_address>
         <run_address>0x71d0</run_address>
         <size>0x18</size>
         <input_file_ref idref="fl-4"/>
      </object_component>
      <object_component id="oc-3dc">
         <name>.text:usbClearDeviceFeature</name>
         <load_address>0x71e8</load_address>
         <run_address>0x71e8</run_address>
         <size>0x18</size>
         <input_file_ref idref="fl-4"/>
      </object_component>
      <object_component id="oc-418">
         <name>.text:usbSetDeviceFeature</name>
         <load_address>0x7200</load_address>
         <run_address>0x7200</run_address>
         <size>0x18</size>
         <input_file_ref idref="fl-4"/>
      </object_component>
      <object_component id="oc-43b">
         <name>.text:DMA_disableTransferDuringReadModifyWrite</name>
         <load_address>0x7218</load_address>
         <run_address>0x7218</run_address>
         <size>0x16</size>
         <input_file_ref idref="fl-32"/>
      </object_component>
      <object_component id="oc-44a">
         <name>.text:DMA_enableTransferDuringReadModifyWrite</name>
         <load_address>0x722e</load_address>
         <run_address>0x722e</run_address>
         <size>0x16</size>
         <input_file_ref idref="fl-32"/>
      </object_component>
      <object_component id="oc-24d">
         <name>.text</name>
         <load_address>0x7244</load_address>
         <run_address>0x7244</run_address>
         <size>0x16</size>
         <input_file_ref idref="fl-7d"/>
      </object_component>
      <object_component id="oc-3f0">
         <name>.text:usbGetConfigurationDescriptor</name>
         <load_address>0x725a</load_address>
         <run_address>0x725a</run_address>
         <size>0x16</size>
         <input_file_ref idref="fl-4"/>
      </object_component>
      <object_component id="oc-3eb">
         <name>.text:usbGetDeviceDescriptor</name>
         <load_address>0x7270</load_address>
         <run_address>0x7270</run_address>
         <size>0x16</size>
         <input_file_ref idref="fl-4"/>
      </object_component>
      <object_component id="oc-132">
         <name>.text:USB_handleVbusOnEvent</name>
         <load_address>0x7286</load_address>
         <run_address>0x7286</run_address>
         <size>0x14</size>
         <input_file_ref idref="fl-b"/>
      </object_component>
      <object_component id="oc-36e">
         <name>.text:memset</name>
         <load_address>0x729a</load_address>
         <run_address>0x729a</run_address>
         <size>0x14</size>
         <input_file_ref idref="fl-7c"/>
      </object_component>
      <object_component id="oc-3e6">
         <name>.text:usbGetConfiguration</name>
         <load_address>0x72ae</load_address>
         <run_address>0x72ae</run_address>
         <size>0x14</size>
         <input_file_ref idref="fl-4"/>
      </object_component>
      <object_component id="oc-3d7">
         <name>.text:usbSetControlLineState</name>
         <load_address>0x72c2</load_address>
         <run_address>0x72c2</run_address>
         <size>0x14</size>
         <input_file_ref idref="fl-2"/>
      </object_component>
      <object_component id="oc-422">
         <name>.text:usbSetInterface</name>
         <load_address>0x72d6</load_address>
         <run_address>0x72d6</run_address>
         <size>0x12</size>
         <input_file_ref idref="fl-4"/>
      </object_component>
      <object_component id="oc-488">
         <name>.text:USBCDC_handleSetControlLineState</name>
         <load_address>0x72e8</load_address>
         <run_address>0x72e8</run_address>
         <size>0x10</size>
         <input_file_ref idref="fl-b"/>
      </object_component>
      <object_component id="oc-1cf">
         <name>.text:USB_setEnabledEvents</name>
         <load_address>0x72f8</load_address>
         <run_address>0x72f8</run_address>
         <size>0x10</size>
         <input_file_ref idref="fl-4"/>
      </object_component>
      <object_component id="oc-8e">
         <name>.text:decompress:rle24:__TI_decompress_rle24</name>
         <load_address>0x7308</load_address>
         <run_address>0x7308</run_address>
         <size>0xe</size>
         <input_file_ref idref="fl-5a"/>
      </object_component>
      <object_component id="oc-427">
         <name>.text:usbInvalidRequest</name>
         <load_address>0x7316</load_address>
         <run_address>0x7316</run_address>
         <size>0xe</size>
         <input_file_ref idref="fl-4"/>
      </object_component>
      <object_component id="oc-2e3">
         <name>.text:usbRestoreInEndpointInterrupt</name>
         <load_address>0x7324</load_address>
         <run_address>0x7324</run_address>
         <size>0xe</size>
         <input_file_ref idref="fl-4"/>
      </object_component>
      <object_component id="oc-27e">
         <name>.text:usbRestoreOutEndpointInterrupt</name>
         <load_address>0x7332</load_address>
         <run_address>0x7332</run_address>
         <size>0xe</size>
         <input_file_ref idref="fl-4"/>
      </object_component>
      <object_component id="oc-48d">
         <name>.text:usbSendZeroLengthPacketOnIEP0</name>
         <load_address>0x7340</load_address>
         <run_address>0x7340</run_address>
         <size>0xe</size>
         <input_file_ref idref="fl-4"/>
      </object_component>
      <object_component id="oc-17d">
         <name>.text:USBCDC_handleDataReceived</name>
         <load_address>0x734e</load_address>
         <run_address>0x734e</run_address>
         <size>0xc</size>
         <input_file_ref idref="fl-b"/>
      </object_component>
      <object_component id="oc-2a4">
         <name>.text:USBCDC_handleReceiveCompleted</name>
         <load_address>0x735a</load_address>
         <run_address>0x735a</run_address>
         <size>0xc</size>
         <input_file_ref idref="fl-b"/>
      </object_component>
      <object_component id="oc-25b">
         <name>.text:USBCDC_handleSendCompleted</name>
         <load_address>0x7366</load_address>
         <run_address>0x7366</run_address>
         <size>0xc</size>
         <input_file_ref idref="fl-b"/>
      </object_component>
      <object_component id="oc-3d2">
         <name>.text:usbSetLineCoding</name>
         <load_address>0x7372</load_address>
         <run_address>0x7372</run_address>
         <size>0xc</size>
         <input_file_ref idref="fl-2"/>
      </object_component>
      <object_component id="oc-9f">
         <name>.text:_system_pre_init</name>
         <load_address>0x737e</load_address>
         <run_address>0x737e</run_address>
         <size>0xa</size>
         <input_file_ref idref="fl-3a"/>
      </object_component>
      <object_component id="oc-2ed">
         <name>.text</name>
         <load_address>0x7388</load_address>
         <run_address>0x7388</run_address>
         <size>0xa</size>
         <input_file_ref idref="fl-77"/>
      </object_component>
      <object_component id="oc-32b">
         <name>.text</name>
         <load_address>0x7392</load_address>
         <run_address>0x7392</run_address>
         <size>0xa</size>
         <input_file_ref idref="fl-79"/>
      </object_component>
      <object_component id="oc-494">
         <name>.text:usbStallEndpoint0</name>
         <load_address>0x739c</load_address>
         <run_address>0x739c</run_address>
         <size>0xa</size>
         <input_file_ref idref="fl-4"/>
      </object_component>
      <object_component id="oc-2b8">
         <name>.text:USB_getVersion</name>
         <load_address>0x73a6</load_address>
         <run_address>0x73a6</run_address>
         <size>0x6</size>
         <input_file_ref idref="fl-4"/>
      </object_component>
      <object_component id="oc-96">
         <name>.text:__TI_ISR_TRAP</name>
         <load_address>0x73ac</load_address>
         <run_address>0x73ac</run_address>
         <size>0x6</size>
         <input_file_ref idref="fl-76"/>
      </object_component>
      <object_component id="oc-34a">
         <name>.text:usbClearOEP0ByteCount</name>
         <load_address>0x73b2</load_address>
         <run_address>0x73b2</run_address>
         <size>0x6</size>
         <input_file_ref idref="fl-4"/>
      </object_component>
      <object_component id="oc-350">
         <name>.text:usbStallOEP0</name>
         <load_address>0x73b8</load_address>
         <run_address>0x73b8</run_address>
         <size>0x6</size>
         <input_file_ref idref="fl-4"/>
      </object_component>
      <object_component id="oc-127">
         <name>.text:USB_handleClockEvent</name>
         <load_address>0x73be</load_address>
         <run_address>0x73be</run_address>
         <size>0x4</size>
         <input_file_ref idref="fl-b"/>
      </object_component>
      <object_component id="oc-4cf">
         <name>.text:USB_handleEnumCompleteEvent</name>
         <load_address>0x73c2</load_address>
         <run_address>0x73c2</run_address>
         <size>0x4</size>
         <input_file_ref idref="fl-b"/>
      </object_component>
      <object_component id="oc-152">
         <name>.text:USB_handleResetEvent</name>
         <load_address>0x73c6</load_address>
         <run_address>0x73c6</run_address>
         <size>0x4</size>
         <input_file_ref idref="fl-b"/>
      </object_component>
      <object_component id="oc-168">
         <name>.text:USB_handleResumeEvent</name>
         <load_address>0x73ca</load_address>
         <run_address>0x73ca</run_address>
         <size>0x4</size>
         <input_file_ref idref="fl-b"/>
      </object_component>
      <object_component id="oc-15d">
         <name>.text:USB_handleSuspendEvent</name>
         <load_address>0x73ce</load_address>
         <run_address>0x73ce</run_address>
         <size>0x4</size>
         <input_file_ref idref="fl-b"/>
      </object_component>
      <object_component id="oc-13d">
         <name>.text:USB_handleVbusOffEvent</name>
         <load_address>0x73d2</load_address>
         <run_address>0x73d2</run_address>
         <size>0x4</size>
         <input_file_ref idref="fl-b"/>
      </object_component>
      <object_component id="oc-ae">
         <name>.text:abort</name>
         <load_address>0x73d6</load_address>
         <run_address>0x73d6</run_address>
         <size>0x4</size>
         <input_file_ref idref="fl-61"/>
      </object_component>
      <object_component id="oc-b4">
         <name>.text:_isr:iUsbInterruptHandler</name>
         <load_address>0x4400</load_address>
         <run_address>0x4400</run_address>
         <size>0x1b0</size>
         <input_file_ref idref="fl-e"/>
      </object_component>
      <object_component id="oc-9a">
         <name>.text:_isr:bcUartISR</name>
         <load_address>0x45b0</load_address>
         <run_address>0x45b0</run_address>
         <size>0x28</size>
         <input_file_ref idref="fl-3d"/>
      </object_component>
      <object_component id="oc-72">
         <name>.text:_isr:_c_int00_noexit</name>
         <load_address>0x45d8</load_address>
         <run_address>0x45d8</run_address>
         <size>0x1a</size>
         <input_file_ref idref="fl-58"/>
      </object_component>
      <object_component id="oc-565">
         <name>.cinit..data.load</name>
         <load_address>0x7644</load_address>
         <run_address>0x7644</run_address>
         <size>0xe</size>
      </object_component>
      <object_component id="oc-562">
         <name>__TI_handler_table</name>
         <load_address>0x7652</load_address>
         <run_address>0x7652</run_address>
         <size>0xc</size>
      </object_component>
      <object_component id="oc-564">
         <name>.cinit..bss.load</name>
         <load_address>0x765e</load_address>
         <run_address>0x765e</run_address>
         <size>0x6</size>
      </object_component>
      <object_component id="oc-563">
         <name>__TI_cinit_table</name>
         <load_address>0x7664</load_address>
         <run_address>0x7664</run_address>
         <size>0x10</size>
      </object_component>
      <object_component id="oc-323">
         <name>.const:tUsbRequestList</name>
         <load_address>0x73da</load_address>
         <run_address>0x73da</run_address>
         <size>0x10a</size>
         <input_file_ref idref="fl-d"/>
      </object_component>
      <object_component id="oc-4a9">
         <name>.const:.string:abromStringDescriptor</name>
         <load_address>0x74e4</load_address>
         <run_address>0x74e4</run_address>
         <size>0xda</size>
         <input_file_ref idref="fl-d"/>
      </object_component>
      <object_component id="oc-4a3">
         <name>.const</name>
         <load_address>0x75be</load_address>
         <run_address>0x75be</run_address>
         <size>0x43</size>
         <input_file_ref idref="fl-d"/>
      </object_component>
      <object_component id="oc-332">
         <name>.const:.string</name>
         <load_address>0x7602</load_address>
         <run_address>0x7602</run_address>
         <size>0x20</size>
         <input_file_ref idref="fl-4"/>
      </object_component>
      <object_component id="oc-49f">
         <name>.const:.string:abromDeviceDescriptor</name>
         <load_address>0x7622</load_address>
         <run_address>0x7622</run_address>
         <size>0x12</size>
         <input_file_ref idref="fl-d"/>
      </object_component>
      <object_component id="oc-23b">
         <name>.const:stUsbHandle</name>
         <load_address>0x7634</load_address>
         <run_address>0x7634</run_address>
         <size>0x10</size>
         <input_file_ref idref="fl-d"/>
      </object_component>
      <object_component id="oc-69">
         <name>.int41</name>
         <load_address>0xffd2</load_address>
         <run_address>0xffd2</run_address>
         <size>0x2</size>
         <input_file_ref idref="fl-62"/>
      </object_component>
      <object_component id="oc-6a">
         <name>.int42</name>
         <load_address>0xffd4</load_address>
         <run_address>0xffd4</run_address>
         <size>0x2</size>
         <input_file_ref idref="fl-63"/>
      </object_component>
      <object_component id="oc-6b">
         <name>.int43</name>
         <load_address>0xffd6</load_address>
         <run_address>0xffd6</run_address>
         <size>0x2</size>
         <input_file_ref idref="fl-64"/>
      </object_component>
      <object_component id="oc-6c">
         <name>.int44</name>
         <load_address>0xffd8</load_address>
         <run_address>0xffd8</run_address>
         <size>0x2</size>
         <input_file_ref idref="fl-65"/>
      </object_component>
      <object_component id="oc-6d">
         <name>.int45</name>
         <load_address>0xffda</load_address>
         <run_address>0xffda</run_address>
         <size>0x2</size>
         <input_file_ref idref="fl-66"/>
      </object_component>
      <object_component id="oc-6e">
         <name>.int46</name>
         <load_address>0xffdc</load_address>
         <run_address>0xffdc</run_address>
         <size>0x2</size>
         <input_file_ref idref="fl-3d"/>
      </object_component>
      <object_component id="oc-6f">
         <name>.int47</name>
         <load_address>0xffde</load_address>
         <run_address>0xffde</run_address>
         <size>0x2</size>
         <input_file_ref idref="fl-67"/>
      </object_component>
      <object_component id="oc-70">
         <name>.int48</name>
         <load_address>0xffe0</load_address>
         <run_address>0xffe0</run_address>
         <size>0x2</size>
         <input_file_ref idref="fl-68"/>
      </object_component>
      <object_component id="oc-71">
         <name>.int49</name>
         <load_address>0xffe2</load_address>
         <run_address>0xffe2</run_address>
         <size>0x2</size>
         <input_file_ref idref="fl-69"/>
      </object_component>
      <object_component id="oc-77">
         <name>.int50</name>
         <load_address>0xffe4</load_address>
         <run_address>0xffe4</run_address>
         <size>0x2</size>
         <input_file_ref idref="fl-6a"/>
      </object_component>
      <object_component id="oc-78">
         <name>.int51</name>
         <load_address>0xffe6</load_address>
         <run_address>0xffe6</run_address>
         <size>0x2</size>
         <input_file_ref idref="fl-e"/>
      </object_component>
      <object_component id="oc-79">
         <name>.int52</name>
         <load_address>0xffe8</load_address>
         <run_address>0xffe8</run_address>
         <size>0x2</size>
         <input_file_ref idref="fl-6b"/>
      </object_component>
      <object_component id="oc-7a">
         <name>.int53</name>
         <load_address>0xffea</load_address>
         <run_address>0xffea</run_address>
         <size>0x2</size>
         <input_file_ref idref="fl-6c"/>
      </object_component>
      <object_component id="oc-7b">
         <name>.int54</name>
         <load_address>0xffec</load_address>
         <run_address>0xffec</run_address>
         <size>0x2</size>
         <input_file_ref idref="fl-6d"/>
      </object_component>
      <object_component id="oc-7c">
         <name>.int55</name>
         <load_address>0xffee</load_address>
         <run_address>0xffee</run_address>
         <size>0x2</size>
         <input_file_ref idref="fl-6e"/>
      </object_component>
      <object_component id="oc-7d">
         <name>.int56</name>
         <load_address>0xfff0</load_address>
         <run_address>0xfff0</run_address>
         <size>0x2</size>
         <input_file_ref idref="fl-6f"/>
      </object_component>
      <object_component id="oc-7e">
         <name>.int57</name>
         <load_address>0xfff2</load_address>
         <run_address>0xfff2</run_address>
         <size>0x2</size>
         <input_file_ref idref="fl-70"/>
      </object_component>
      <object_component id="oc-7f">
         <name>.int58</name>
         <load_address>0xfff4</load_address>
         <run_address>0xfff4</run_address>
         <size>0x2</size>
         <input_file_ref idref="fl-71"/>
      </object_component>
      <object_component id="oc-80">
         <name>.int59</name>
         <load_address>0xfff6</load_address>
         <run_address>0xfff6</run_address>
         <size>0x2</size>
         <input_file_ref idref="fl-72"/>
      </object_component>
      <object_component id="oc-81">
         <name>.int60</name>
         <load_address>0xfff8</load_address>
         <run_address>0xfff8</run_address>
         <size>0x2</size>
         <input_file_ref idref="fl-73"/>
      </object_component>
      <object_component id="oc-82">
         <name>.int61</name>
         <load_address>0xfffa</load_address>
         <run_address>0xfffa</run_address>
         <size>0x2</size>
         <input_file_ref idref="fl-74"/>
      </object_component>
      <object_component id="oc-83">
         <name>.int62</name>
         <load_address>0xfffc</load_address>
         <run_address>0xfffc</run_address>
         <size>0x2</size>
         <input_file_ref idref="fl-75"/>
      </object_component>
      <object_component id="oc-95">
         <name>.reset</name>
         <load_address>0xfffe</load_address>
         <run_address>0xfffe</run_address>
         <size>0x2</size>
         <input_file_ref idref="fl-58"/>
      </object_component>
      <object_component id="oc-477">
         <name>.common:CdcControl</name>
         <uninitialized>true</uninitialized>
         <run_address>0x25bc</run_address>
         <size>0x8</size>
      </object_component>
      <object_component id="oc-36d">
         <name>.common:CdcWriteCtrl</name>
         <uninitialized>true</uninitialized>
         <run_address>0x25b2</run_address>
         <size>0xa</size>
      </object_component>
      <object_component id="oc-397">
         <name>.common:CdcReadCtrl</name>
         <uninitialized>true</uninitialized>
         <run_address>0x25a2</run_address>
         <size>0x10</size>
      </object_component>
      <object_component id="oc-3c0">
         <name>.common:USB_TX_memcpy</name>
         <uninitialized>true</uninitialized>
         <run_address>0x25d8</run_address>
         <size>0x4</size>
      </object_component>
      <object_component id="oc-3c1">
         <name>.common:USB_RX_memcpy</name>
         <uninitialized>true</uninitialized>
         <run_address>0x25d4</run_address>
         <size>0x4</size>
      </object_component>
      <object_component id="oc-4ce">
         <name>.common:bConfigurationNumber</name>
         <uninitialized>true</uninitialized>
         <run_address>0x25e8</run_address>
         <size>0x1</size>
      </object_component>
      <object_component id="oc-4d8">
         <name>.common:bInterfaceNumber</name>
         <uninitialized>true</uninitialized>
         <run_address>0x25e9</run_address>
         <size>0x1</size>
      </object_component>
      <object_component id="oc-4e8">
         <name>.common:pbIEP0Buffer</name>
         <uninitialized>true</uninitialized>
         <run_address>0x25dc</run_address>
         <size>0x2</size>
      </object_component>
      <object_component id="oc-4ec">
         <name>.common:pbOEP0Buffer</name>
         <uninitialized>true</uninitialized>
         <run_address>0x25de</run_address>
         <size>0x2</size>
      </object_component>
      <object_component id="oc-4d5">
         <name>.common:bRemoteWakeup</name>
         <uninitialized>true</uninitialized>
         <run_address>0x25ea</run_address>
         <size>0x1</size>
      </object_component>
      <object_component id="oc-4f1">
         <name>.common:wBytesRemainingOnIEP0</name>
         <uninitialized>true</uninitialized>
         <run_address>0x25e2</run_address>
         <size>0x2</size>
      </object_component>
      <object_component id="oc-4ed">
         <name>.common:wBytesRemainingOnOEP0</name>
         <uninitialized>true</uninitialized>
         <run_address>0x25e4</run_address>
         <size>0x2</size>
      </object_component>
      <object_component id="oc-4ca">
         <name>.common:abUsbRequestReturnData</name>
         <uninitialized>true</uninitialized>
         <run_address>0x25cc</run_address>
         <size>0x8</size>
      </object_component>
      <object_component id="oc-481">
         <name>.common:abUsbRequestIncomingData</name>
         <uninitialized>true</uninitialized>
         <run_address>0x25c4</run_address>
         <size>0x8</size>
      </object_component>
      <object_component id="oc-4a8">
         <name>.common:abramSerialStringDescriptor</name>
         <uninitialized>true</uninitialized>
         <run_address>0x2580</run_address>
         <size>0x22</size>
      </object_component>
      <object_component id="oc-4f2">
         <name>.common:bStatusAction</name>
         <uninitialized>true</uninitialized>
         <run_address>0x25eb</run_address>
         <size>0x1</size>
      </object_component>
      <object_component id="oc-321">
         <name>.common:wUsbEventMask</name>
         <uninitialized>true</uninitialized>
         <run_address>0x25e6</run_address>
         <size>0x2</size>
      </object_component>
      <object_component id="oc-117">
         <name>.common:rxByteCount</name>
         <uninitialized>true</uninitialized>
         <run_address>0x25e0</run_address>
         <size>0x2</size>
      </object_component>
      <object_component id="oc-109">
         <name>.common:buf_bcuartToUsb</name>
         <uninitialized>true</uninitialized>
         <run_address>0x2480</run_address>
         <size>0x80</size>
      </object_component>
      <object_component id="oc-118">
         <name>.common:buf_usbToBcuart</name>
         <uninitialized>true</uninitialized>
         <run_address>0x2500</run_address>
         <size>0x80</size>
      </object_component>
      <object_component id="oc-1eb">
         <name>.common:bcUartRcvBuf</name>
         <uninitialized>true</uninitialized>
         <run_address>0x2400</run_address>
         <size>0x80</size>
      </object_component>
      <object_component id="oc-df">
         <name>.data</name>
         <load_address>0x25f2</load_address>
         <run_address>0x25f2</run_address>
         <size>0x3</size>
         <input_file_ref idref="fl-3d"/>
      </object_component>
      <object_component id="oc-21d">
         <name>.data</name>
         <load_address>0x25ec</load_address>
         <run_address>0x25ec</run_address>
         <size>0x6</size>
         <input_file_ref idref="fl-4"/>
      </object_component>
      <object_component id="oc-73">
         <name>.debug_info</name>
         <load_address>0x0</load_address>
         <run_address>0x0</run_address>
         <size>0x125</size>
         <input_file_ref idref="fl-58"/>
      </object_component>
      <object_component id="oc-85">
         <name>.debug_info</name>
         <load_address>0x125</load_address>
         <run_address>0x125</run_address>
         <size>0x1b4</size>
         <input_file_ref idref="fl-59"/>
      </object_component>
      <object_component id="oc-8a">
         <name>.debug_info</name>
         <load_address>0x2d9</load_address>
         <run_address>0x2d9</run_address>
         <size>0x183</size>
         <input_file_ref idref="fl-5b"/>
      </object_component>
      <object_component id="oc-90">
         <name>.debug_info</name>
         <load_address>0x45c</load_address>
         <run_address>0x45c</run_address>
         <size>0x1a7</size>
         <input_file_ref idref="fl-5a"/>
      </object_component>
      <object_component id="oc-94">
         <name>.debug_info</name>
         <load_address>0x603</load_address>
         <run_address>0x603</run_address>
         <size>0xaa</size>
         <input_file_ref idref="fl-58"/>
      </object_component>
      <object_component id="oc-98">
         <name>.debug_info</name>
         <load_address>0x6ad</load_address>
         <run_address>0x6ad</run_address>
         <size>0xc2</size>
         <input_file_ref idref="fl-76"/>
      </object_component>
      <object_component id="oc-9c">
         <name>.debug_info</name>
         <load_address>0x76f</load_address>
         <run_address>0x76f</run_address>
         <size>0x1bb</size>
         <input_file_ref idref="fl-3d"/>
      </object_component>
      <object_component id="oc-a0">
         <name>.debug_info</name>
         <load_address>0x92a</load_address>
         <run_address>0x92a</run_address>
         <size>0x1e7</size>
         <input_file_ref idref="fl-3a"/>
      </object_component>
      <object_component id="oc-a8">
         <name>.debug_info</name>
         <load_address>0xb11</load_address>
         <run_address>0xb11</run_address>
         <size>0x176</size>
         <input_file_ref idref="fl-81"/>
      </object_component>
      <object_component id="oc-ac">
         <name>.debug_info</name>
         <load_address>0xc87</load_address>
         <run_address>0xc87</run_address>
         <size>0x266</size>
         <input_file_ref idref="fl-3b"/>
      </object_component>
      <object_component id="oc-af">
         <name>.debug_info</name>
         <load_address>0xeed</load_address>
         <run_address>0xeed</run_address>
         <size>0xcc</size>
         <input_file_ref idref="fl-61"/>
      </object_component>
      <object_component id="oc-b5">
         <name>.debug_info</name>
         <load_address>0xfb9</load_address>
         <run_address>0xfb9</run_address>
         <size>0x41d</size>
         <input_file_ref idref="fl-e"/>
      </object_component>
      <object_component id="oc-bb">
         <name>.debug_info</name>
         <load_address>0x13d6</load_address>
         <run_address>0x13d6</run_address>
         <size>0xcd</size>
         <input_file_ref idref="fl-5c"/>
      </object_component>
      <object_component id="oc-be">
         <name>.debug_info</name>
         <load_address>0x14a3</load_address>
         <run_address>0x14a3</run_address>
         <size>0x46</size>
         <input_file_ref idref="fl-59"/>
      </object_component>
      <object_component id="oc-c3">
         <name>.debug_info</name>
         <load_address>0x14e9</load_address>
         <run_address>0x14e9</run_address>
         <size>0x184</size>
         <input_file_ref idref="fl-59"/>
      </object_component>
      <object_component id="oc-c5">
         <name>.debug_info</name>
         <load_address>0x166d</load_address>
         <run_address>0x166d</run_address>
         <size>0x46</size>
         <input_file_ref idref="fl-5b"/>
      </object_component>
      <object_component id="oc-ca">
         <name>.debug_info</name>
         <load_address>0x16b3</load_address>
         <run_address>0x16b3</run_address>
         <size>0x17f</size>
         <input_file_ref idref="fl-5b"/>
      </object_component>
      <object_component id="oc-cf">
         <name>.debug_info</name>
         <load_address>0x1832</load_address>
         <run_address>0x1832</run_address>
         <size>0x266</size>
         <input_file_ref idref="fl-5a"/>
      </object_component>
      <object_component id="oc-d1">
         <name>.debug_info</name>
         <load_address>0x1a98</load_address>
         <run_address>0x1a98</run_address>
         <size>0x189</size>
         <input_file_ref idref="fl-5a"/>
      </object_component>
      <object_component id="oc-d2">
         <name>.debug_info</name>
         <load_address>0x1c21</load_address>
         <run_address>0x1c21</run_address>
         <size>0x39</size>
         <input_file_ref idref="fl-5a"/>
      </object_component>
      <object_component id="oc-d9">
         <name>.debug_info</name>
         <load_address>0x1c5a</load_address>
         <run_address>0x1c5a</run_address>
         <size>0x84</size>
         <input_file_ref idref="fl-2"/>
      </object_component>
      <object_component id="oc-e0">
         <name>.debug_info</name>
         <load_address>0x1cde</load_address>
         <run_address>0x1cde</run_address>
         <size>0x165</size>
         <input_file_ref idref="fl-3d"/>
      </object_component>
      <object_component id="oc-e2">
         <name>.debug_info</name>
         <load_address>0x1e43</load_address>
         <run_address>0x1e43</run_address>
         <size>0x32f</size>
         <input_file_ref idref="fl-3d"/>
      </object_component>
      <object_component id="oc-e6">
         <name>.debug_info</name>
         <load_address>0x2172</load_address>
         <run_address>0x2172</run_address>
         <size>0x2e0</size>
         <input_file_ref idref="fl-81"/>
      </object_component>
      <object_component id="oc-ea">
         <name>.debug_info</name>
         <load_address>0x2452</load_address>
         <run_address>0x2452</run_address>
         <size>0x2d0</size>
         <input_file_ref idref="fl-25"/>
      </object_component>
      <object_component id="oc-ed">
         <name>.debug_info</name>
         <load_address>0x2722</load_address>
         <run_address>0x2722</run_address>
         <size>0x1b1</size>
         <input_file_ref idref="fl-3c"/>
      </object_component>
      <object_component id="oc-f2">
         <name>.debug_info</name>
         <load_address>0x28d3</load_address>
         <run_address>0x28d3</run_address>
         <size>0x263</size>
         <input_file_ref idref="fl-3c"/>
      </object_component>
      <object_component id="oc-f9">
         <name>.debug_info</name>
         <load_address>0x2b36</load_address>
         <run_address>0x2b36</run_address>
         <size>0x1bc</size>
         <input_file_ref idref="fl-3d"/>
      </object_component>
      <object_component id="oc-fc">
         <name>.debug_info</name>
         <load_address>0x2cf2</load_address>
         <run_address>0x2cf2</run_address>
         <size>0x307</size>
         <input_file_ref idref="fl-4"/>
      </object_component>
      <object_component id="oc-101">
         <name>.debug_info</name>
         <load_address>0x2ff9</load_address>
         <run_address>0x2ff9</run_address>
         <size>0x46b</size>
         <input_file_ref idref="fl-3b"/>
      </object_component>
      <object_component id="oc-103">
         <name>.debug_info</name>
         <load_address>0x3464</load_address>
         <run_address>0x3464</run_address>
         <size>0x21f</size>
         <input_file_ref idref="fl-3d"/>
      </object_component>
      <object_component id="oc-10d">
         <name>.debug_info</name>
         <load_address>0x3683</load_address>
         <run_address>0x3683</run_address>
         <size>0x353</size>
         <input_file_ref idref="fl-c"/>
      </object_component>
      <object_component id="oc-111">
         <name>.debug_info</name>
         <load_address>0x39d6</load_address>
         <run_address>0x39d6</run_address>
         <size>0x32d</size>
         <input_file_ref idref="fl-c"/>
      </object_component>
      <object_component id="oc-11b">
         <name>.debug_info</name>
         <load_address>0x3d03</load_address>
         <run_address>0x3d03</run_address>
         <size>0x206</size>
         <input_file_ref idref="fl-3d"/>
      </object_component>
      <object_component id="oc-122">
         <name>.debug_info</name>
         <load_address>0x3f09</load_address>
         <run_address>0x3f09</run_address>
         <size>0x28a</size>
         <input_file_ref idref="fl-e"/>
      </object_component>
      <object_component id="oc-126">
         <name>.debug_info</name>
         <load_address>0x4193</load_address>
         <run_address>0x4193</run_address>
         <size>0xc0f</size>
         <input_file_ref idref="fl-4"/>
      </object_component>
      <object_component id="oc-12b">
         <name>.debug_info</name>
         <load_address>0x4da2</load_address>
         <run_address>0x4da2</run_address>
         <size>0x20a</size>
         <input_file_ref idref="fl-b"/>
      </object_component>
      <object_component id="oc-12e">
         <name>.debug_info</name>
         <load_address>0x4fac</load_address>
         <run_address>0x4fac</run_address>
         <size>0x266</size>
         <input_file_ref idref="fl-e"/>
      </object_component>
      <object_component id="oc-135">
         <name>.debug_info</name>
         <load_address>0x5212</load_address>
         <run_address>0x5212</run_address>
         <size>0x23f</size>
         <input_file_ref idref="fl-b"/>
      </object_component>
      <object_component id="oc-139">
         <name>.debug_info</name>
         <load_address>0x5451</load_address>
         <run_address>0x5451</run_address>
         <size>0x266</size>
         <input_file_ref idref="fl-e"/>
      </object_component>
      <object_component id="oc-140">
         <name>.debug_info</name>
         <load_address>0x56b7</load_address>
         <run_address>0x56b7</run_address>
         <size>0x20e</size>
         <input_file_ref idref="fl-b"/>
      </object_component>
      <object_component id="oc-144">
         <name>.debug_info</name>
         <load_address>0x58c5</load_address>
         <run_address>0x58c5</run_address>
         <size>0x212</size>
         <input_file_ref idref="fl-e"/>
      </object_component>
      <object_component id="oc-149">
         <name>.debug_info</name>
         <load_address>0x5ad7</load_address>
         <run_address>0x5ad7</run_address>
         <size>0x24d</size>
         <input_file_ref idref="fl-e"/>
      </object_component>
      <object_component id="oc-14d">
         <name>.debug_info</name>
         <load_address>0x5d24</load_address>
         <run_address>0x5d24</run_address>
         <size>0x238</size>
         <input_file_ref idref="fl-4"/>
      </object_component>
      <object_component id="oc-156">
         <name>.debug_info</name>
         <load_address>0x5f5c</load_address>
         <run_address>0x5f5c</run_address>
         <size>0x20a</size>
         <input_file_ref idref="fl-b"/>
      </object_component>
      <object_component id="oc-158">
         <name>.debug_info</name>
         <load_address>0x6166</load_address>
         <run_address>0x6166</run_address>
         <size>0x206</size>
         <input_file_ref idref="fl-4"/>
      </object_component>
      <object_component id="oc-160">
         <name>.debug_info</name>
         <load_address>0x636c</load_address>
         <run_address>0x636c</run_address>
         <size>0x20e</size>
         <input_file_ref idref="fl-b"/>
      </object_component>
      <object_component id="oc-163">
         <name>.debug_info</name>
         <load_address>0x657a</load_address>
         <run_address>0x657a</run_address>
         <size>0x204</size>
         <input_file_ref idref="fl-4"/>
      </object_component>
      <object_component id="oc-16b">
         <name>.debug_info</name>
         <load_address>0x677e</load_address>
         <run_address>0x677e</run_address>
         <size>0x20c</size>
[...]
      <symbol id="sm-654">
         <name>USB_handleEnumCompleteEvent</name>
         <value>0x73c2</value>
         <object_component_ref idref="oc-4cf"/>
      </symbol>
      <symbol id="sm-655">
         <name>USBCDC_handleSendCompleted</name>
         <value>0x7366</value>
         <object_component_ref idref="oc-25b"/>
      </symbol>
      <symbol id="sm-656">
         <name>USB_handleVbusOffEvent</name>
         <value>0x73d2</value>
         <object_component_ref idref="oc-13d"/>
      </symbol>
      <symbol id="sm-657">
         <name>USBCDC_handleSetLineCoding</name>
         <value>0x71b8</value>
         <object_component_ref idref="oc-364"/>
      </symbol>
      <symbol id="sm-658">
         <name>USB_handleResumeEvent</name>
         <value>0x73ca</value>
         <object_component_ref idref="oc-168"/>
      </symbol>
      <symbol id="sm-659">
         <name>USB_handleClockEvent</name>
         <value>0x73be</value>
         <object_component_ref idref="oc-127"/>
      </symbol>
      <symbol id="sm-677">
         <name>cdcReceiveDataInBuffer</name>
         <value>0x6204</value>
         <object_component_ref idref="oc-110"/>
      </symbol>
      <symbol id="sm-678">
         <name>cdcSendDataInBackground</name>
         <value>0x6164</value>
         <object_component_ref idref="oc-10a"/>
      </symbol>
      <symbol id="sm-691">
         <name>abromConfigurationDescriptorGroup</name>
         <value>0x75be</value>
         <object_component_ref idref="oc-4a3"/>
      </symbol>
      <symbol id="sm-692">
         <name>tUsbRequestList</name>
         <value>0x73da</value>
         <object_component_ref idref="oc-323"/>
      </symbol>
      <symbol id="sm-693">
         <name>abromDeviceDescriptor</name>
         <value>0x7622</value>
         <object_component_ref idref="oc-49f"/>
      </symbol>
      <symbol id="sm-694">
         <name>abromStringDescriptor</name>
         <value>0x74e4</value>
         <object_component_ref idref="oc-4a9"/>
      </symbol>
      <symbol id="sm-695">
         <name>stUsbHandle</name>
         <value>0x7634</value>
         <object_component_ref idref="oc-23b"/>
      </symbol>
      <symbol id="sm-6e6">
         <name>IEP0InterruptHandler</name>
         <value>0x7134</value>
         <object_component_ref idref="oc-142"/>
      </symbol>
      <symbol id="sm-6e7">
         <name>OEP0InterruptHandler</name>
         <value>0x6e58</value>
         <object_component_ref idref="oc-147"/>
      </symbol>
      <symbol id="sm-6e8">
         <name>__TI_int51</name>
         <value>0xffe6</value>
         <object_component_ref idref="oc-78"/>
      </symbol>
      <symbol id="sm-6e9">
         <name>PWRVBUSonHandler</name>
         <value>0x67de</value>
         <object_component_ref idref="oc-12c"/>
      </symbol>
      <symbol id="sm-6ea">
         <name>SetupPacketInterruptHandler</name>
         <value>0x696e</value>
         <object_component_ref idref="oc-120"/>
      </symbol>
      <symbol id="sm-6eb">
         <name>PWRVBUSoffHandler</name>
         <value>0x6424</value>
         <object_component_ref idref="oc-137"/>
      </symbol>
      <symbol id="sm-6ec">
         <name>iUsbInterruptHandler</name>
         <value>0x4400</value>
         <object_component_ref idref="oc-b4"/>
      </symbol>
      <symbol id="sm-739">
         <name>UCS_XT2StartWithTimeout</name>
         <value>0x6520</value>
         <object_component_ref idref="oc-2d1"/>
      </symbol>
      <symbol id="sm-73a">
         <name>UCS_initFLLSettle</name>
         <value>0x69ca</value>
         <object_component_ref idref="oc-1c3"/>
      </symbol>
      <symbol id="sm-73b">
         <name>UCS_clockSignalInit</name>
         <value>0x529e</value>
         <object_component_ref idref="oc-1b6"/>
      </symbol>
      <symbol id="sm-73c">
         <name>UCS_XT2Off</name>
         <value>0x716c</value>
         <object_component_ref idref="oc-244"/>
      </symbol>
      <symbol id="sm-73d">
         <name>UCS_initFLL</name>
         <value>0x513a</value>
         <object_component_ref idref="oc-2b1"/>
      </symbol>
      <symbol id="sm-74f">
         <name>TLV_getInfo</name>
         <value>0x64a2</value>
         <object_component_ref idref="oc-39f"/>
      </symbol>
      <symbol id="sm-77c">
         <name>PMM_setVCore</name>
         <value>0x668e</value>
         <object_component_ref idref="oc-e7"/>
      </symbol>
      <symbol id="sm-77d">
         <name>PMM_setVCoreDown</name>
         <value>0x5522</value>
         <object_component_ref idref="oc-1aa"/>
      </symbol>
      <symbol id="sm-77e">
         <name>PMM_setVCoreUp</name>
         <value>0x4fbc</value>
         <object_component_ref idref="oc-1a5"/>
      </symbol>
      <symbol id="sm-7a7">
         <name>GPIO_setAsPeripheralModuleFunctionOutputPin</name>
         <value>0x5a12</value>
         <object_component_ref idref="oc-2cc"/>
      </symbol>
      <symbol id="sm-7ef">
         <name>DMA_setSrcAddress</name>
         <value>0x6912</value>
         <object_component_ref idref="oc-440"/>
      </symbol>
      <symbol id="sm-7f0">
         <name>DMA_disableTransferDuringReadModifyWrite</name>
         <value>0x7218</value>
         <object_component_ref idref="oc-43b"/>
      </symbol>
      <symbol id="sm-7f1">
         <name>DMA_setDstAddress</name>
         <value>0x68b2</value>
         <object_component_ref idref="oc-445"/>
      </symbol>
      <symbol id="sm-7f2">
         <name>DMA_enableTransfers</name>
         <value>0x704a</value>
         <object_component_ref idref="oc-454"/>
      </symbol>
      <symbol id="sm-7f3">
         <name>DMA_disableTransfers</name>
         <value>0x7024</value>
         <object_component_ref idref="oc-463"/>
      </symbol>
      <symbol id="sm-7f4">
         <name>DMA_startTransfer</name>
         <value>0x7070</value>
         <object_component_ref idref="oc-459"/>
      </symbol>
      <symbol id="sm-7f5">
         <name>DMA_setTransferSize</name>
         <value>0x70b6</value>
         <object_component_ref idref="oc-44f"/>
      </symbol>
      <symbol id="sm-7f6">
         <name>DMA_getInterruptStatus</name>
         <value>0x7094</value>
         <object_component_ref idref="oc-45e"/>
      </symbol>
      <symbol id="sm-7f7">
         <name>DMA_enableTransferDuringReadModifyWrite</name>
         <value>0x722e</value>
         <object_component_ref idref="oc-44a"/>
      </symbol>
      <symbol id="sm-7f8">
         <name>DMA_init</name>
         <value>0x60c2</value>
         <object_component_ref idref="oc-3b6"/>
      </symbol>
      <symbol id="sm-807">
         <name>_system_pre_init</name>
         <value>0x737e</value>
         <object_component_ref idref="oc-9f"/>
      </symbol>
      <symbol id="sm-814">
         <name>rxByteCount</name>
         <value>0x25e0</value>
      </symbol>
      <symbol id="sm-815">
         <name>buf_bcuartToUsb</name>
         <value>0x2480</value>
      </symbol>
      <symbol id="sm-816">
         <name>buf_usbToBcuart</name>
         <value>0x2500</value>
      </symbol>
      <symbol id="sm-817">
         <name>main</name>
         <value>0x63a2</value>
         <object_component_ref idref="oc-a9"/>
      </symbol>
      <symbol id="sm-825">
         <name>initPorts</name>
         <value>0x6cdc</value>
         <object_component_ref idref="oc-ec"/>
      </symbol>
      <symbol id="sm-826">
         <name>initClocks</name>
         <value>0x6320</value>
         <object_component_ref idref="oc-f1"/>
      </symbol>
      <symbol id="sm-84e">
         <name>bcUartRcvBuf</name>
         <value>0x2400</value>
      </symbol>
      <symbol id="sm-84f">
         <name>__TI_int46</name>
         <value>0xffdc</value>
         <object_component_ref idref="oc-6e"/>
      </symbol>
      <symbol id="sm-850">
         <name>bcUartInit</name>
         <value>0x6ffa</value>
         <object_component_ref idref="oc-f6"/>
      </symbol>
      <symbol id="sm-851">
         <name>bcUartRcvBufIndex</name>
         <value>0x25f2</value>
         <object_component_ref idref="oc-df"/>
      </symbol>
      <symbol id="sm-852">
         <name>bcUartReceiveBytesInBuffer</name>
         <value>0x6b72</value>
         <object_component_ref idref="oc-102"/>
      </symbol>
      <symbol id="sm-853">
         <name>bcUartSend</name>
         <value>0x6c98</value>
         <object_component_ref idref="oc-119"/>
      </symbol>
      <symbol id="sm-854">
         <name>bcUartRxThreshReached</name>
         <value>0x25f4</value>
         <object_component_ref idref="oc-df"/>
      </symbol>
      <symbol id="sm-855">
         <name>bcUartISR</name>
         <value>0x45b0</value>
         <object_component_ref idref="oc-9a"/>
      </symbol>
      <symbol id="sm-863">
         <name>_c_int00_noexit</name>
         <value>0x45d8</value>
         <object_component_ref idref="oc-72"/>
      </symbol>
      <symbol id="sm-864">
         <name>_c_int00</name>
         <value>0x45d8</value>
         <object_component_ref idref="oc-72"/>
      </symbol>
      <symbol id="sm-865">
         <name>_stack</name>
         <value>0x4360</value>
         <object_component_ref idref="oc-93"/>
      </symbol>
      <symbol id="sm-866">
         <name>_reset_vector</name>
         <value>0xfffe</value>
         <object_component_ref idref="oc-95"/>
      </symbol>
      <symbol id="sm-876">
         <name>__TI_decompress_none</name>
         <value>0x6e94</value>
         <object_component_ref idref="oc-84"/>
      </symbol>
      <symbol id="sm-898">
         <name>__TI_decompress_rle24</name>
         <value>0x7308</value>
         <object_component_ref idref="oc-8e"/>
      </symbol>
      <symbol id="sm-8aa">
         <name>__TI_zero_init</name>
         <value>0x6d9e</value>
         <object_component_ref idref="oc-89"/>
      </symbol>
      <symbol id="sm-8b4">
         <name>__memcpy_far</name>
         <value>0x6d5e</value>
         <object_component_ref idref="oc-b9"/>
      </symbol>
      <symbol id="sm-8c4">
         <name>__mspabi_remul</name>
         <value>0x6a22</value>
         <object_component_ref idref="oc-1bb"/>
      </symbol>
      <symbol id="sm-8c5">
         <name>__mspabi_divul</name>
         <value>0x6a22</value>
         <object_component_ref idref="oc-1bb"/>
      </symbol>
      <symbol id="sm-8ce">
         <name>C$$EXIT</name>
         <value>0x73d6</value>
         <object_component_ref idref="oc-ae"/>
      </symbol>
      <symbol id="sm-8cf">
         <name>abort</name>
         <value>0x73d6</value>
         <object_component_ref idref="oc-ae"/>
      </symbol>
      <symbol id="sm-8d2">
         <name>__TI_int41</name>
         <value>0xffd2</value>
         <object_component_ref idref="oc-69"/>
      </symbol>
      <symbol id="sm-8d5">
         <name>__TI_int42</name>
         <value>0xffd4</value>
         <object_component_ref idref="oc-6a"/>
      </symbol>
      <symbol id="sm-8d8">
         <name>__TI_int43</name>
         <value>0xffd6</value>
         <object_component_ref idref="oc-6b"/>
      </symbol>
      <symbol id="sm-8db">
         <name>__TI_int44</name>
         <value>0xffd8</value>
         <object_component_ref idref="oc-6c"/>
      </symbol>
      <symbol id="sm-8de">
         <name>__TI_int45</name>
         <value>0xffda</value>
         <object_component_ref idref="oc-6d"/>
      </symbol>
      <symbol id="sm-8e1">
         <name>__TI_int47</name>
         <value>0xffde</value>
         <object_component_ref idref="oc-6f"/>
      </symbol>
      <symbol id="sm-8e4">
         <name>__TI_int48</name>
         <value>0xffe0</value>
         <object_component_ref idref="oc-70"/>
      </symbol>
      <symbol id="sm-8e7">
         <name>__TI_int49</name>
         <value>0xffe2</value>
         <object_component_ref idref="oc-71"/>
      </symbol>
      <symbol id="sm-8ea">
         <name>__TI_int50</name>
         <value>0xffe4</value>
         <object_component_ref idref="oc-77"/>
      </symbol>
      <symbol id="sm-8ed">
         <name>__TI_int52</name>
         <value>0xffe8</value>
         <object_component_ref idref="oc-79"/>
      </symbol>
      <symbol id="sm-8f0">
         <name>__TI_int53</name>
         <value>0xffea</value>
         <object_component_ref idref="oc-7a"/>
      </symbol>
      <symbol id="sm-8f3">
         <name>__TI_int54</name>
         <value>0xffec</value>
         <object_component_ref idref="oc-7b"/>
      </symbol>
      <symbol id="sm-8f6">
         <name>__TI_int55</name>
         <value>0xffee</value>
         <object_component_ref idref="oc-7c"/>
      </symbol>
      <symbol id="sm-8f9">
         <name>__TI_int56</name>
         <value>0xfff0</value>
         <object_component_ref idref="oc-7d"/>
      </symbol>
      <symbol id="sm-8fc">
         <name>__TI_int57</name>
         <value>0xfff2</value>
         <object_component_ref idref="oc-7e"/>
      </symbol>
      <symbol id="sm-8ff">
         <name>__TI_int58</name>
         <value>0xfff4</value>
         <object_component_ref idref="oc-7f"/>
      </symbol>
      <symbol id="sm-902">
         <name>__TI_int59</name>
         <value>0xfff6</value>
         <object_component_ref idref="oc-80"/>
      </symbol>
      <symbol id="sm-905">
         <name>__TI_int60</name>
         <value>0xfff8</value>
         <object_component_ref idref="oc-81"/>
      </symbol>
      <symbol id="sm-908">
         <name>__TI_int61</name>
         <value>0xfffa</value>
         <object_component_ref idref="oc-82"/>
      </symbol>
      <symbol id="sm-90b">
         <name>__TI_int62</name>
         <value>0xfffc</value>
         <object_component_ref idref="oc-83"/>
      </symbol>
      <symbol id="sm-912">
         <name>__TI_ISR_TRAP</name>
         <value>0x73ac</value>
         <object_component_ref idref="oc-96"/>
      </symbol>
      <symbol id="sm-91a">
         <name>__mspabi_slli</name>
         <value>0x7388</value>
         <object_component_ref idref="oc-2ed"/>
      </symbol>
      <symbol id="sm-921">
         <name>__mspabi_slll_9</name>
         <value>0x6df4</value>
         <object_component_ref idref="oc-359"/>
      </symbol>
      <symbol id="sm-922">
         <name>__mspabi_slll_8</name>
         <value>0x6df8</value>
         <object_component_ref idref="oc-359"/>
      </symbol>
      <symbol id="sm-923">
         <name>__mspabi_slll_7</name>
         <value>0x6dfc</value>
         <object_component_ref idref="oc-359"/>
      </symbol>
      <symbol id="sm-924">
         <name>__mspabi_slll_6</name>
         <value>0x6e00</value>
         <object_component_ref idref="oc-359"/>
      </symbol>
      <symbol id="sm-925">
         <name>__mspabi_slll_5</name>
         <value>0x6e04</value>
         <object_component_ref idref="oc-359"/>
      </symbol>
      <symbol id="sm-926">
         <name>__mspabi_slll_4</name>
         <value>0x6e08</value>
         <object_component_ref idref="oc-359"/>
      </symbol>
      <symbol id="sm-927">
         <name>__mspabi_slll_3</name>
         <value>0x6e0c</value>
         <object_component_ref idref="oc-359"/>
      </symbol>
      <symbol id="sm-928">
         <name>__mspabi_slll_2</name>
         <value>0x6e10</value>
         <object_component_ref idref="oc-359"/>
      </symbol>
      <symbol id="sm-929">
         <name>__mspabi_slll_1</name>
         <value>0x6e14</value>
         <object_component_ref idref="oc-359"/>
      </symbol>
      <symbol id="sm-92a">
         <name>__mspabi_slll_15</name>
         <value>0x6ddc</value>
         <object_component_ref idref="oc-359"/>
      </symbol>
      <symbol id="sm-92b">
         <name>__mspabi_slll_14</name>
         <value>0x6de0</value>
         <object_component_ref idref="oc-359"/>
      </symbol>
      <symbol id="sm-92c">
         <name>__mspabi_slll_13</name>
         <value>0x6de4</value>
         <object_component_ref idref="oc-359"/>
      </symbol>
      <symbol id="sm-92d">
         <name>__mspabi_slll_12</name>
         <value>0x6de8</value>
         <object_component_ref idref="oc-359"/>
      </symbol>
      <symbol id="sm-92e">
         <name>__mspabi_slll_11</name>
         <value>0x6dec</value>
         <object_component_ref idref="oc-359"/>
      </symbol>
      <symbol id="sm-92f">
         <name>__mspabi_slll_10</name>
         <value>0x6df0</value>
         <object_component_ref idref="oc-359"/>
      </symbol>
      <symbol id="sm-937">
         <name>__mspabi_srli</name>
         <value>0x7392</value>
         <object_component_ref idref="oc-32b"/>
      </symbol>
      <symbol id="sm-93e">
         <name>__mspabi_srll_8</name>
         <value>0x6e36</value>
         <object_component_ref idref="oc-1bf"/>
      </symbol>
      <symbol id="sm-93f">
         <name>__mspabi_srll_9</name>
         <value>0x6e32</value>
         <object_component_ref idref="oc-1bf"/>
      </symbol>
      <symbol id="sm-940">
         <name>__mspabi_srll_6</name>
         <value>0x6e3e</value>
         <object_component_ref idref="oc-1bf"/>
      </symbol>
      <symbol id="sm-941">
         <name>__mspabi_srll_7</name>
         <value>0x6e3a</value>
         <object_component_ref idref="oc-1bf"/>
      </symbol>
      <symbol id="sm-942">
         <name>__mspabi_srll_4</name>
         <value>0x6e46</value>
         <object_component_ref idref="oc-1bf"/>
      </symbol>
      <symbol id="sm-943">
         <name>__mspabi_srll_5</name>
         <value>0x6e42</value>
         <object_component_ref idref="oc-1bf"/>
      </symbol>
      <symbol id="sm-944">
         <name>__mspabi_srll_2</name>
         <value>0x6e4e</value>
         <object_component_ref idref="oc-1bf"/>
      </symbol>
      <symbol id="sm-945">
         <name>__mspabi_srll_3</name>
         <value>0x6e4a</value>
         <object_component_ref idref="oc-1bf"/>
      </symbol>
      <symbol id="sm-946">
         <name>__mspabi_srll_1</name>
         <value>0x6e52</value>
         <object_component_ref idref="oc-1bf"/>
      </symbol>
      <symbol id="sm-947">
         <name>__mspabi_srll_15</name>
         <value>0x6e1a</value>
         <object_component_ref idref="oc-1bf"/>
      </symbol>
      <symbol id="sm-948">
         <name>__mspabi_srll_14</name>
         <value>0x6e1e</value>
         <object_component_ref idref="oc-1bf"/>
      </symbol>
      <symbol id="sm-949">
         <name>__mspabi_srll_13</name>
         <value>0x6e22</value>
         <object_component_ref idref="oc-1bf"/>
      </symbol>
      <symbol id="sm-94a">
         <name>__mspabi_srll_12</name>
         <value>0x6e26</value>
         <object_component_ref idref="oc-1bf"/>
      </symbol>
      <symbol id="sm-94b">
         <name>__mspabi_srll_11</name>
         <value>0x6e2a</value>
         <object_component_ref idref="oc-1bf"/>
      </symbol>
      <symbol id="sm-94c">
         <name>__mspabi_srll_10</name>
         <value>0x6e2e</value>
         <object_component_ref idref="oc-1bf"/>
      </symbol>
      <symbol id="sm-95a">
         <name>memset</name>
         <value>0x729a</value>
         <object_component_ref idref="oc-36e"/>
      </symbol>
      <symbol id="sm-961">
         <name>__mspabi_mpyi_f5hw</name>
         <value>0x7244</value>
         <object_component_ref idref="oc-24d"/>
      </symbol>
      <symbol id="sm-979">
         <name>_auto_init</name>
         <value>0x6700</value>
         <object_component_ref idref="oc-a4"/>
      </symbol>
      <symbol id="sm-97a">
         <name>__TI_exit</name>
         <value>0x1</value>
      </symbol>
      <symbol id="sm-97b">
         <name>__TI_args_main</name>
         <value>0x1</value>
      </symbol>
      <symbol id="sm-97c">
         <name>__TI_INITARRAY_Base</name>
         <value>0x0</value>
      </symbol>
      <symbol id="sm-97d">
         <name>__TI_INITARRAY_Limit</name>
         <value>0x0</value>
      </symbol>
   </symbol_table>
   <title>Link successful</title>
</link_info>
